Jan  1 00:00:06 mingyuan kernel: imklog 5.8.11, log source = /proc/kmsg started.
Jan  1 00:00:06 mingyuan kernel: Booting Linux on physical CPU 0x0
Jan  1 00:00:06 mingyuan kernel: Linux version 3.8.0-rc4 (mingyuan@mingyuan) (gcc version 4.7.3 20130328 (prerelease) (crosstool-NG linaro-1.13.1-4.7-2013.04-20130415 - Linaro GCC 2013.04) ) #1 SMP PREEMPT Sun Jun 2 16:03:11 KST 2013
Jan  1 00:00:06 mingyuan kernel: Kernel was built at commit id ''
Jan  1 00:00:06 mingyuan kernel: CPU: ARMv7 Processor [410fc0f4] revision 4 (ARMv7), cr=30c7387d
Jan  1 00:00:06 mingyuan kernel: CPU: PIPT / VIPT nonaliasing data cache, PIPT instruction cache
Jan  1 00:00:06 mingyuan kernel: Machine: SAMSUNG EXYNOS5 (Flattened Device Tree), model: SAMSUNG ARNDALE board based on EXYNOS5250
Jan  1 00:00:06 mingyuan kernel: NR_BANKS too low, ignoring high memory
Jan  1 00:00:06 mingyuan kernel: Memory policy: ECC disabled, Data cache writealloc
Jan  1 00:00:06 mingyuan kernel: CPU EXYNOS5250 (id 0x43520020)
Jan  1 00:00:06 mingyuan kernel: exynos5_init_clocks: initializing clocks
Jan  1 00:00:06 mingyuan kernel: S3C24XX Clocks, Copyright 2004 Simtec Electronics
Jan  1 00:00:06 mingyuan kernel: exynos5_setup_clocks: registering clocks
Jan  1 00:00:06 mingyuan kernel: exynos5_setup_clocks: xtal is 24000000
Jan  1 00:00:06 mingyuan kernel: EXYNOS5: PLL settings, A=1000000000, B=800000000, C=333000000
Jan  1 00:00:06 mingyuan kernel: M=1600000000, E=96000000 V=300000000
Jan  1 00:00:06 mingyuan kernel: EXYNOS5: ARMCLK=1000000000, CDREX=800000000, ACLK400=800000000
Jan  1 00:00:06 mingyuan kernel: ACLK333=333000000, ACLK266=266666666, ACLK200=200000000
Jan  1 00:00:06 mingyuan kernel: ACLK166=166500000, ACLK66=66666666
Jan  1 00:00:06 mingyuan kernel: aclk_266_gscl: source is aclk_266 (1), rate is 266666666
Jan  1 00:00:06 mingyuan kernel: sclk_g3d: source is mout_mpll_user (0), rate is 800000000
Jan  1 00:00:06 mingyuan kernel: sclk_sata: source is mout_mpll_user (0), rate is 66666666
Jan  1 00:00:06 mingyuan kernel: sclk_gscl_wrap: source is ext_xtal (0), rate is 24000000
Jan  1 00:00:06 mingyuan kernel: sclk_gscl_wrap: source is ext_xtal (0), rate is 24000000
Jan  1 00:00:06 mingyuan kernel: sclk_cam0: source is ext_xtal (0), rate is 24000000
Jan  1 00:00:06 mingyuan kernel: sclk_cam1: source is ext_xtal (0), rate is 24000000
Jan  1 00:00:06 mingyuan kernel: sclk_usbdrd30: source is mout_mpll (0), rate is 66666666
Jan  1 00:00:06 mingyuan kernel: NUMA: Adding CPU 0 to node 0
Jan  1 00:00:06 mingyuan kernel: Zone ranges:
Jan  1 00:00:06 mingyuan kernel:  Normal   [mem 0x40000000-0x6f7fffff]
Jan  1 00:00:06 mingyuan kernel:  HighMem  [mem 0x6f800000-0xbfffffff]
Jan  1 00:00:06 mingyuan kernel: Movable zone start for each node
Jan  1 00:00:06 mingyuan kernel: Early memory node ranges
Jan  1 00:00:06 mingyuan kernel:  node   0: [mem 0x40000000-0x6f7fffff]
Jan  1 00:00:06 mingyuan kernel:  node   0: [mem 0x70000000-0xbfffffff]
Jan  1 00:00:06 mingyuan kernel: On node 0 totalpages: 522240
Jan  1 00:00:06 mingyuan kernel:  Normal zone: 1520 pages used for memmap
Jan  1 00:00:06 mingyuan kernel:  Normal zone: 0 pages reserved
Jan  1 00:00:06 mingyuan kernel:  Normal zone: 193040 pages, LIFO batch:31
Jan  1 00:00:06 mingyuan kernel:  HighMem zone: 2576 pages used for memmap
Jan  1 00:00:06 mingyuan kernel:  HighMem zone: 325104 pages, LIFO batch:31
Jan  1 00:00:06 mingyuan kernel: PERCPU: Embedded 8 pages/cpu @c15c5000 s8256 r8192 d16320 u32768
Jan  1 00:00:06 mingyuan kernel: pcpu-alloc: s8256 r8192 d16320 u32768 alloc=8*4096
Jan  1 00:00:06 mingyuan kernel: pcpu-alloc: [0] 0 [0] 1 
Jan  1 00:00:06 mingyuan kernel: Built 1 zonelists in Node order, mobility grouping on.  Total pages: 518144
Jan  1 00:00:06 mingyuan kernel: Policy zone: HighMem
Jan  1 00:00:06 mingyuan kernel: Kernel command line: console=ttySAC2,115200n8 root=/dev/mmcblk1p2 rw rootwait
Jan  1 00:00:06 mingyuan kernel: PID hash table entries: 4096 (order: 2, 16384 bytes)
Jan  1 00:00:06 mingyuan kernel: Dentry cache hash table entries: 131072 (order: 7, 524288 bytes)
Jan  1 00:00:06 mingyuan kernel: Inode-cache hash table entries: 65536 (order: 6, 262144 bytes)
Jan  1 00:00:06 mingyuan kernel: __ex_table already sorted, skipping sort
Jan  1 00:00:06 mingyuan kernel: Memory: 760MB 1280MB = 2040MB total
Jan  1 00:00:06 mingyuan kernel: Memory: 2065812k/2065812k available, 23148k reserved, 1310720K highmem
Jan  1 00:00:06 mingyuan kernel: Virtual kernel memory layout:
Jan  1 00:00:06 mingyuan kernel:    vector  : 0xffff0000 - 0xffff1000   (   4 kB)
Jan  1 00:00:06 mingyuan kernel:    fixmap  : 0xfff00000 - 0xfffe0000   ( 896 kB)
Jan  1 00:00:06 mingyuan kernel:    vmalloc : 0xf0000000 - 0xff000000   ( 240 MB)
Jan  1 00:00:06 mingyuan kernel:    lowmem  : 0xc0000000 - 0xef800000   ( 760 MB)
Jan  1 00:00:06 mingyuan kernel:    pkmap   : 0xbfe00000 - 0xc0000000   (   2 MB)
Jan  1 00:00:06 mingyuan kernel:    modules : 0xbf000000 - 0xbfe00000   (  14 MB)
Jan  1 00:00:06 mingyuan kernel:      .text : 0xc0008000 - 0xc04f1d5c   (5032 kB)
Jan  1 00:00:06 mingyuan kernel:      .init : 0xc04f2000 - 0xc0522040   ( 193 kB)
Jan  1 00:00:06 mingyuan kernel:      .data : 0xc0524000 - 0xc056e000   ( 296 kB)
Jan  1 00:00:06 mingyuan kernel:       .bss : 0xc056e000 - 0xc05a9e00   ( 240 kB)
Jan  1 00:00:06 mingyuan kernel: SLUB: Genslabs=11, HWalign=64, Order=0-3, MinObjects=0, CPUs=2, Nodes=4
Jan  1 00:00:06 mingyuan kernel: Preemptible hierarchical RCU implementation.
Jan  1 00:00:06 mingyuan kernel: NR_IRQS:549
Jan  1 00:00:06 mingyuan kernel: Architected local timer running at 24.00MHz (phys).
Jan  1 00:00:06 mingyuan kernel: Switching to timer-based delay loop
Jan  1 00:00:06 mingyuan kernel: sched_clock: 32 bits at 100 Hz, resolution 10000000ns, wraps every 4294967286ms
Jan  1 00:00:06 mingyuan kernel: Console: colour dummy device 80x30
Jan  1 00:00:06 mingyuan kernel: Calibrating delay loop (skipped), value calculated using timer frequency.. 48.00 BogoMIPS (lpj=240000)
Jan  1 00:00:06 mingyuan kernel: pid_max: default: 32768 minimum: 301
Jan  1 00:00:06 mingyuan kernel: Mount-cache hash table entries: 512
Jan  1 00:00:06 mingyuan kernel: CPU: Testing write buffer coherency: ok
Jan  1 00:00:06 mingyuan kernel: CPU0: thread -1, cpu 0, socket 0, mpidr 80000000
Jan  1 00:00:06 mingyuan kernel: Setting up static identity map for 0xc03bd4d8 - 0xc03bd530
Jan  1 00:00:06 mingyuan kernel: Setting up static HYP identity map for 0xc03bd530 - 0xc03bd600
Jan  1 00:00:06 mingyuan kernel: CPU1: Booted secondary processor
Jan  1 00:00:06 mingyuan kernel: CPU1: thread -1, cpu 1, socket 0, mpidr 80000001
Jan  1 00:00:06 mingyuan kernel: NUMA: Adding CPU 1 to node 0
Jan  1 00:00:06 mingyuan kernel: Brought up 2 CPUs
Jan  1 00:00:06 mingyuan kernel: SMP: Total of 2 processors activated (96.00 BogoMIPS).
Jan  1 00:00:06 mingyuan kernel: CPU: All CPU(s) started in HYP mode.
Jan  1 00:00:06 mingyuan kernel: CPU: Virtualization extensions available.
Jan  1 00:00:06 mingyuan kernel: pinctrl core: initialized pinctrl subsystem
Jan  1 00:00:06 mingyuan kernel: regulator-dummy: no parameters
Jan  1 00:00:06 mingyuan kernel: NET: Registered protocol family 16
Jan  1 00:00:06 mingyuan kernel: DMA: preallocated 256 KiB pool for atomic coherent allocations
Jan  1 00:00:06 mingyuan kernel: hw-breakpoint: found 5 (+1 reserved) breakpoint and 4 watchpoint registers.
Jan  1 00:00:06 mingyuan kernel: hw-breakpoint: maximum watchpoint size is 8 bytes.
Jan  1 00:00:06 mingyuan kernel: S3C Power Management, Copyright 2004 Simtec Electronics
Jan  1 00:00:06 mingyuan kernel: EXYNOS5250 PMU Initialize
Jan  1 00:00:06 mingyuan kernel: EXYNOS: Initializing architecture
Jan  1 00:00:06 mingyuan kernel: bio: create slab <bio-0> at 0
Jan  1 00:00:06 mingyuan kernel: SCSI subsystem initialized
Jan  1 00:00:06 mingyuan kernel: libata version 3.00 loaded.
Jan  1 00:00:06 mingyuan kernel: usbcore: registered new interface driver usbfs
Jan  1 00:00:06 mingyuan kernel: usbcore: registered new interface driver hub
Jan  1 00:00:06 mingyuan kernel: usbcore: registered new device driver usb
Jan  1 00:00:06 mingyuan kernel: s3c-i2c s3c2440-i2c.0: slave address 0x66
Jan  1 00:00:06 mingyuan kernel: s3c-i2c s3c2440-i2c.0: bus frequency set to 18 KHz
Jan  1 00:00:06 mingyuan kernel: sec_pmic 0-0066: No interrupt specified, no interrupts
Jan  1 00:00:06 mingyuan kernel: VDD_ALIVE_1.0V: 1100 mV 
Jan  1 00:00:06 mingyuan kernel: VDD_28IO_DP_1.35V: 1200 mV 
Jan  1 00:00:06 mingyuan kernel: VDD_COMMON1_1.8V: 1800 mV 
Jan  1 00:00:06 mingyuan kernel: VDD_IOPERI_1.8V: 1800 mV 
Jan  1 00:00:06 mingyuan kernel: VDD_EXT_1.8V: 1800 mV 
Jan  1 00:00:06 mingyuan kernel: VDD_MPLL_1.1V: 1100 mV 
Jan  1 00:00:06 mingyuan kernel: VDD_XPLL_1.1V: 1100 mV 
Jan  1 00:00:06 mingyuan kernel: VDD_COMMON2_1.0V: 1000 mV 
Jan  1 00:00:06 mingyuan kernel: VDD_33ON_3.0V: 3000 mV 
Jan  1 00:00:06 mingyuan kernel: VDD_COMMON3_1.8V: 1800 mV 
Jan  1 00:00:06 mingyuan kernel: VDD_ABB2_1.8V: 1800 mV 
Jan  1 00:00:06 mingyuan kernel: VDD_USB_3.0V: 3000 mV 
Jan  1 00:00:06 mingyuan kernel: VDDQ_C2C_W_1.8V: 1800 mV 
Jan  1 00:00:06 mingyuan kernel: VDD18_ABB0/3_1.8V: 1800 mV 
Jan  1 00:00:06 mingyuan kernel: VDD10_COMMON4_1.0V: 1000 mV 
Jan  1 00:00:06 mingyuan kernel: VDD18_HSIC_1.8V: 1800 mV 
Jan  1 00:00:06 mingyuan kernel: VDDQ_MMC2/3_2.8V: 2800 mV 
Jan  1 00:00:06 mingyuan kernel: VDD_33ON_2.8V: 2800 mV 
Jan  1 00:00:06 mingyuan kernel: vdd_mif: 950 <--> 1200 mV at 1000 mV 
Jan  1 00:00:06 mingyuan kernel: vdd_arm: 925 <--> 1300 mV at 1100 mV 
Jan  1 00:00:06 mingyuan kernel: vdd_int: 900 <--> 1200 mV at 1000 mV 
Jan  1 00:00:06 mingyuan kernel: VDD_G3D_1.0V: 1000 mV 
Jan  1 00:00:06 mingyuan kernel: VDD_MEM_1.35V: 750 <--> 1350 mV at 1200 mV 
Jan  1 00:00:06 mingyuan kernel: s3c-i2c s3c2440-i2c.0: i2c-0: S3C I2C adapter
Jan  1 00:00:06 mingyuan kernel: s3c-i2c exynos5-sata-phy-i2c: slave address 0x38
Jan  1 00:00:06 mingyuan kernel: s3c-i2c exynos5-sata-phy-i2c: bus frequency set to 39 KHz
Jan  1 00:00:06 mingyuan kernel: s3c-i2c exynos5-sata-phy-i2c: i2c-1: S3C I2C adapter
Jan  1 00:00:06 mingyuan kernel: Switching to clocksource mct-frc
Jan  1 00:00:06 mingyuan kernel: NET: Registered protocol family 2
Jan  1 00:00:06 mingyuan kernel: TCP established hash table entries: 8192 (order: 4, 65536 bytes)
Jan  1 00:00:06 mingyuan kernel: TCP bind hash table entries: 8192 (order: 5, 163840 bytes)
Jan  1 00:00:06 mingyuan kernel: TCP: Hash tables configured (established 8192 bind 8192)
Jan  1 00:00:06 mingyuan kernel: TCP: reno registered
Jan  1 00:00:06 mingyuan kernel: UDP hash table entries: 512 (order: 2, 24576 bytes)
Jan  1 00:00:06 mingyuan kernel: UDP-Lite hash table entries: 512 (order: 2, 24576 bytes)
Jan  1 00:00:06 mingyuan kernel: NET: Registered protocol family 1
Jan  1 00:00:06 mingyuan kernel: kvm [1]: interrupt-controller@10484000 IRQ25
Jan  1 00:00:06 mingyuan kernel: kvm [1]: timer IRQ27
Jan  1 00:00:06 mingyuan kernel: kvm [1]: Hyp mode initialized successfully
Jan  1 00:00:06 mingyuan kernel: hw perfevents: enabled with ARMv7_Cortex_A15 PMU driver, 7 counters available
Jan  1 00:00:06 mingyuan kernel: bounce pool size: 64 pages
Jan  1 00:00:06 mingyuan kernel: HugeTLB registered 2 MB page size, pre-allocated 0 pages
Jan  1 00:00:06 mingyuan kernel: ROMFS MTD (C) 2007 Red Hat, Inc.
Jan  1 00:00:06 mingyuan kernel: msgmni has been set to 1474
Jan  1 00:00:06 mingyuan kernel: io scheduler noop registered
Jan  1 00:00:06 mingyuan kernel: io scheduler deadline registered
Jan  1 00:00:06 mingyuan kernel: io scheduler cfq registered (default)
Jan  1 00:00:06 mingyuan kernel: dma-pl330 dma-pl330.0: Loaded driver for PL330 DMAC-2364208
Jan  1 00:00:06 mingyuan kernel: dma-pl330 dma-pl330.0: 	DBUFF-32x4bytes Num_Chans-8 Num_Peri-32 Num_Events-32
Jan  1 00:00:06 mingyuan kernel: dma-pl330 dma-pl330.1: Loaded driver for PL330 DMAC-2364208
Jan  1 00:00:06 mingyuan kernel: dma-pl330 dma-pl330.1: 	DBUFF-32x4bytes Num_Chans-8 Num_Peri-32 Num_Events-32
Jan  1 00:00:06 mingyuan kernel: dma-pl330 dma-pl330.2: Loaded driver for PL330 DMAC-2364208
Jan  1 00:00:06 mingyuan kernel: dma-pl330 dma-pl330.2: 	DBUFF-64x8bytes Num_Chans-8 Num_Peri-1 Num_Events-32
Jan  1 00:00:06 mingyuan kernel: Serial: 8250/16550 driver, 4 ports, IRQ sharing disabled
Jan  1 00:00:06 mingyuan kernel: exynos4210-uart.0: ttySAC0 at MMIO 0x12c00000 (irq = 83) is a S3C6400/10
Jan  1 00:00:06 mingyuan kernel: exynos4210-uart.1: ttySAC1 at MMIO 0x12c10000 (irq = 84) is a S3C6400/10
Jan  1 00:00:06 mingyuan kernel: exynos4210-uart.2: ttySAC2 at MMIO 0x12c20000 (irq = 85) is a S3C6400/10
Jan  1 00:00:06 mingyuan kernel: console [ttySAC2] enabled
Jan  1 00:00:06 mingyuan kernel: exynos4210-uart.3: ttySAC3 at MMIO 0x12c30000 (irq = 86) is a S3C6400/10
Jan  1 00:00:06 mingyuan kernel: brd: module loaded
Jan  1 00:00:06 mingyuan kernel: loop: module loaded
Jan  1 00:00:06 mingyuan kernel: ahci-sata exynos5-sata: failed to get sata phy
Jan  1 00:00:06 mingyuan kernel: platform exynos5-sata: Driver ahci-sata requests probe deferral
Jan  1 00:00:06 mingyuan kernel: Synopsys Designware Multimedia Card Interface Driver
Jan  1 00:00:06 mingyuan kernel: dwmmc_exynos dw_mmc.0: Using internal DMA controller.
Jan  1 00:00:06 mingyuan kernel: dwmmc_exynos dw_mmc.0: DW MMC controller at irq 107, 32 bit host data width, 128 deep fifo
Jan  1 00:00:06 mingyuan kernel: dwmmc_exynos dw_mmc.0: wp gpio not available
Jan  1 00:00:06 mingyuan kernel: mmc0: no vmmc regulator found
Jan  1 00:00:06 mingyuan kernel: mmc_host mmc0: Bus speed (slot 0) = 100000000Hz (slot req 400000Hz, actual 400000HZ div = 125)
Jan  1 00:00:06 mingyuan kernel: dwmmc_exynos dw_mmc.0: 1 slots initialized
Jan  1 00:00:06 mingyuan kernel: dwmmc_exynos dw_mmc.0: Version ID is 241a
Jan  1 00:00:06 mingyuan kernel: dwmmc_exynos dw_mmc.2: Using internal DMA controller.
Jan  1 00:00:06 mingyuan kernel: dwmmc_exynos dw_mmc.2: DW MMC controller at irq 109, 32 bit host data width, 128 deep fifo
Jan  1 00:00:06 mingyuan kernel: dwmmc_exynos dw_mmc.2: wp gpio not available
Jan  1 00:00:06 mingyuan kernel: mmc1: no vmmc regulator found
Jan  1 00:00:06 mingyuan kernel: mmc_host mmc0: Bus speed (slot 0) = 100000000Hz (slot req 300000Hz, actual 299401HZ div = 167)
Jan  1 00:00:06 mingyuan kernel: mmc_host mmc1: Bus speed (slot 0) = 100000000Hz (slot req 400000Hz, actual 400000HZ div = 125)
Jan  1 00:00:06 mingyuan kernel: dwmmc_exynos dw_mmc.2: 1 slots initialized
Jan  1 00:00:06 mingyuan kernel: dwmmc_exynos dw_mmc.2: Version ID is 241a
Jan  1 00:00:06 mingyuan kernel: tun: Universal TUN/TAP device driver, 1.6
Jan  1 00:00:06 mingyuan kernel: tun: (C) 1999-2004 Max Krasnyansky <maxk@qualcomm.com>
Jan  1 00:00:06 mingyuan kernel: usbcore: registered new interface driver asix
Jan  1 00:00:06 mingyuan kernel: usbcore: registered new interface driver cdc_ether
Jan  1 00:00:06 mingyuan kernel: usbcore: registered new interface driver net1080
Jan  1 00:00:06 mingyuan kernel: usbcore: registered new interface driver cdc_subset
Jan  1 00:00:06 mingyuan kernel: usbcore: registered new interface driver zaurus
Jan  1 00:00:06 mingyuan kernel: usbcore: registered new interface driver cdc_ncm
Jan  1 00:00:06 mingyuan kernel: mmc0: BKOPS_EN bit is not set
Jan  1 00:00:06 mingyuan kernel: mmc_host mmc0: Bus speed (slot 0) = 100000000Hz (slot req 52000000Hz, actual 50000000HZ div = 1)
Jan  1 00:00:06 mingyuan kernel: mmc0: new high speed DDR MMC card at address 0001
Jan  1 00:00:06 mingyuan kernel: mmcblk0: mmc0:0001 M4G1FA 3.72 GiB 
Jan  1 00:00:06 mingyuan kernel: mmcblk0boot0: mmc0:0001 M4G1FA partition 1 1.00 MiB
Jan  1 00:00:06 mingyuan kernel: mmcblk0boot1: mmc0:0001 M4G1FA partition 2 1.00 MiB
Jan  1 00:00:06 mingyuan kernel: mmcblk0rpmb: mmc0:0001 M4G1FA partition 3 128 KiB
Jan  1 00:00:06 mingyuan kernel: mmcblk0: p1 p2 p3 p4
Jan  1 00:00:06 mingyuan kernel: mmcblk0boot1: unknown partition table
Jan  1 00:00:06 mingyuan kernel: mmcblk0boot0: unknown partition table
Jan  1 00:00:06 mingyuan kernel: mmc_host mmc1: Bus speed (slot 0) = 100000000Hz (slot req 50000000Hz, actual 50000000HZ div = 1)
Jan  1 00:00:06 mingyuan kernel: mmc1: new high speed SDHC card at address e624
Jan  1 00:00:06 mingyuan kernel: mmcblk1: mmc1:e624 SU16G 14.8 GiB 
Jan  1 00:00:06 mingyuan kernel: mmcblk1: p1 p2
Jan  1 00:00:06 mingyuan kernel: ehci_hcd: USB 2.0 'Enhanced' Host Controller (EHCI) Driver
Jan  1 00:00:06 mingyuan kernel: exynos5250-usbphy s3c-usbphy: Already power on PHY
Jan  1 00:00:06 mingyuan kernel: s5p-ehci s5p-ehci: S5P EHCI Host Controller
Jan  1 00:00:06 mingyuan kernel: s5p-ehci s5p-ehci: new USB bus registered, assigned bus number 1
Jan  1 00:00:06 mingyuan kernel: s5p-ehci s5p-ehci: irq 103, io mem 0x12110000
Jan  1 00:00:06 mingyuan kernel: s5p-ehci s5p-ehci: USB 2.0 started, EHCI 1.00
Jan  1 00:00:06 mingyuan kernel: usb usb1: Product: S5P EHCI Host Controller
Jan  1 00:00:06 mingyuan kernel: usb usb1: Manufacturer: Linux 3.8.0-rc4 ehci_hcd
Jan  1 00:00:06 mingyuan kernel: usb usb1: SerialNumber: s5p-ehci
Jan  1 00:00:06 mingyuan kernel: ohci_hcd: USB 1.1 'Open' Host Controller (OHCI) Driver
Jan  1 00:00:06 mingyuan kernel: exynos5250-usbphy s3c-usbphy: Already power on PHY
Jan  1 00:00:06 mingyuan kernel: exynos-ohci exynos-ohci: EXYNOS OHCI Host Controller
Jan  1 00:00:06 mingyuan kernel: exynos-ohci exynos-ohci: new USB bus registered, assigned bus number 2
Jan  1 00:00:06 mingyuan kernel: exynos-ohci exynos-ohci: irq 103, io mem 0x12120000
Jan  1 00:00:06 mingyuan kernel: usb usb2: Product: EXYNOS OHCI Host Controller
Jan  1 00:00:06 mingyuan kernel: usb usb2: Manufacturer: Linux 3.8.0-rc4 ohci_hcd
Jan  1 00:00:06 mingyuan kernel: usb usb2: SerialNumber: exynos-ohci
Jan  1 00:00:06 mingyuan kernel: xhci-hcd xhci-hcd: xHCI Host Controller
Jan  1 00:00:06 mingyuan kernel: xhci-hcd xhci-hcd: new USB bus registered, assigned bus number 3
Jan  1 00:00:06 mingyuan kernel: xhci-hcd xhci-hcd: irq 104, io mem 0x12000000
Jan  1 00:00:06 mingyuan kernel: usb usb3: Product: xHCI Host Controller
Jan  1 00:00:06 mingyuan kernel: usb usb3: Manufacturer: Linux 3.8.0-rc4 xhci-hcd
Jan  1 00:00:06 mingyuan kernel: usb usb3: SerialNumber: xhci-hcd
Jan  1 00:00:06 mingyuan kernel: xHCI xhci_add_endpoint called for root hub
Jan  1 00:00:06 mingyuan kernel: xHCI xhci_check_bandwidth called for root hub
Jan  1 00:00:06 mingyuan kernel: xhci-hcd xhci-hcd: xHCI Host Controller
Jan  1 00:00:06 mingyuan kernel: xhci-hcd xhci-hcd: new USB bus registered, assigned bus number 4
Jan  1 00:00:06 mingyuan kernel: usb usb4: Product: xHCI Host Controller
Jan  1 00:00:06 mingyuan kernel: usb usb4: Manufacturer: Linux 3.8.0-rc4 xhci-hcd
Jan  1 00:00:06 mingyuan kernel: usb usb4: SerialNumber: xhci-hcd
Jan  1 00:00:06 mingyuan kernel: xHCI xhci_add_endpoint called for root hub
Jan  1 00:00:06 mingyuan kernel: xHCI xhci_check_bandwidth called for root hub
Jan  1 00:00:06 mingyuan kernel: Initializing USB Mass Storage driver...
Jan  1 00:00:06 mingyuan kernel: usbcore: registered new interface driver usb-storage
Jan  1 00:00:06 mingyuan kernel: USB Mass Storage support registered.
Jan  1 00:00:06 mingyuan kernel: mousedev: PS/2 mouse device common for all mice
Jan  1 00:00:06 mingyuan kernel: Exynos: Kernel Thermal management registered
Jan  1 00:00:06 mingyuan kernel: cpuidle: using governor ladder
Jan  1 00:00:06 mingyuan kernel: cpuidle: using governor menu
Jan  1 00:00:06 mingyuan kernel: usbcore: registered new interface driver usbhid
Jan  1 00:00:06 mingyuan kernel: usbhid: USB HID core driver
Jan  1 00:00:06 mingyuan kernel: TCP: cubic registered
Jan  1 00:00:06 mingyuan kernel: NET: Registered protocol family 10
Jan  1 00:00:06 mingyuan kernel: NET: Registered protocol family 17
Jan  1 00:00:06 mingyuan kernel: VFP support v0.3: implementor 41 architecture 4 part 30 variant f rev 0
Jan  1 00:00:06 mingyuan kernel: Registering SWP/SWPB emulation handler
Jan  1 00:00:06 mingyuan kernel: ahci-sata exynos5-sata: forcing PORTS_IMPL to 0x1
Jan  1 00:00:06 mingyuan kernel: ahci-sata exynos5-sata: AHCI 0001.0300 32 slots 1 ports 6 Gbps 0x1 impl platform mode
Jan  1 00:00:06 mingyuan kernel: ahci-sata exynos5-sata: flags: ncq sntf pm led clo only pmp pio slum part ccc apst 
Jan  1 00:00:06 mingyuan kernel: scsi0 : ahci_platform
Jan  1 00:00:06 mingyuan kernel: ata1: SATA max UDMA/133 mmio [mem 0x122f0000-0x122f01fe] port 0x100 irq 147
Jan  1 00:00:06 mingyuan kernel: ata1: SATA link down (SStatus 0 SControl 300)
Jan  1 00:00:06 mingyuan kernel: EXT3-fs (mmcblk1p2): error: couldn't mount because of unsupported optional features (240)
Jan  1 00:00:06 mingyuan kernel: EXT2-fs (mmcblk1p2): error: couldn't mount because of unsupported optional features (240)
Jan  1 00:00:06 mingyuan kernel: EXT4-fs (mmcblk1p2): mounted filesystem with ordered data mode. Opts: (null)
Jan  1 00:00:06 mingyuan kernel: VFS: Mounted root (ext4 filesystem) on device 179:34.
Jan  1 00:00:06 mingyuan kernel: Freeing init memory: 192K
Jan  1 00:00:06 mingyuan kernel: usb 1-3.2: Product: USB2.0 Hub
Jan  1 00:00:06 mingyuan kernel: usb 1-3.2.2: Product: USB 2.0 Hub [MTT]
Jan  1 00:00:06 mingyuan kernel: usb 1-3.2.4: Product: AX88772 
Jan  1 00:00:06 mingyuan kernel: usb 1-3.2.4: Manufacturer: ASIX Elec. Corp.
Jan  1 00:00:06 mingyuan kernel: usb 1-3.2.4: SerialNumber: 000001
Jan  1 00:00:06 mingyuan kernel: asix 1-3.2.4:1.0 (unregistered net_device): invalid hw address, using random
Jan  1 00:00:06 mingyuan kernel: asix 1-3.2.4:1.0 eth0: register 'asix' at usb-s5p-ehci-3.2.4, ASIX AX88772 USB 2.0 Ethernet, 76:bb:b3:02:12:3b
Jan  1 00:00:06 mingyuan kernel: usb 1-3.2.2.3: Product: USB Keyboard
Jan  1 00:00:06 mingyuan kernel: usb 1-3.2.2.3: Manufacturer: Logitech
Jan  1 00:00:06 mingyuan kernel: input: Logitech USB Keyboard as /devices/s5p-ehci/usb1/1-3/1-3.2/1-3.2.2/1-3.2.2.3/1-3.2.2.3:1.0/input/input0
Jan  1 00:00:06 mingyuan kernel: hid-generic 0003:046D:C31C.0001: input: USB HID v1.10 Keyboard [Logitech USB Keyboard] on usb-s5p-ehci-3.2.2.3/input0
Jan  1 00:00:06 mingyuan kernel: input: Logitech USB Keyboard as /devices/s5p-ehci/usb1/1-3/1-3.2/1-3.2.2/1-3.2.2.3/1-3.2.2.3:1.1/input/input1
Jan  1 00:00:06 mingyuan kernel: hid-generic 0003:046D:C31C.0002: input: USB HID v1.10 Device [Logitech USB Keyboard] on usb-s5p-ehci-3.2.2.3/input1
Jan  1 00:00:06 mingyuan kernel: usb 1-3.2.2.4: Product: USB Optical Mouse
Jan  1 00:00:06 mingyuan kernel: input: USB Optical Mouse as /devices/s5p-ehci/usb1/1-3/1-3.2/1-3.2.2/1-3.2.2.4/1-3.2.2.4:1.0/input/input2
Jan  1 00:00:06 mingyuan kernel: hid-generic 0003:0461:4D81.0003: input: USB HID v1.11 Mouse [USB Optical Mouse] on usb-s5p-ehci-3.2.2.4/input0
Jan  1 00:00:08 mingyuan kernel: IPv6: ADDRCONF(NETDEV_UP): eth0: link is not ready
Jan  1 00:00:08 mingyuan kernel: IPv6: ADDRCONF(NETDEV_CHANGE): eth0: link becomes ready
Jan  1 00:00:08 mingyuan kernel: asix 1-3.2.4:1.0 eth0: link down
Jan  1 00:00:10 mingyuan kernel: asix 1-3.2.4:1.0 eth0: link up, 100Mbps, full-duplex, lpa 0xCDE1
Jun  2 09:03:28 mingyuan kernel: device eth0 entered promiscuous mode
Jun  2 09:03:28 mingyuan kernel: device tap0 entered promiscuous mode
Jun  2 09:03:28 mingyuan kernel: br0: port 2(tap0) entered forwarding state
Jun  2 09:03:28 mingyuan kernel: br0: port 2(tap0) entered forwarding state
Jun  2 09:03:28 mingyuan kernel: br0: port 1(eth0) entered forwarding state
Jun  2 09:03:28 mingyuan kernel: br0: port 1(eth0) entered forwarding state
Jun  2 09:03:43 mingyuan kernel: br0: port 2(tap0) entered forwarding state
Jun  2 09:03:43 mingyuan kernel: br0: port 1(eth0) entered forwarding state
Jan  1 00:00:07 mingyuan kernel: imklog 5.8.11, log source = /proc/kmsg started.
Jan  1 00:00:07 mingyuan kernel: Booting Linux on physical CPU 0x0
Jan  1 00:00:07 mingyuan kernel: Linux version 3.8.0-rc4 (mingyuan@mingyuan) (gcc version 4.7.3 20130328 (prerelease) (crosstool-NG linaro-1.13.1-4.7-2013.04-20130415 - Linaro GCC 2013.04) ) #1 SMP PREEMPT Sun Jun 2 16:03:11 KST 2013
Jan  1 00:00:07 mingyuan kernel: Kernel was built at commit id ''
Jan  1 00:00:07 mingyuan kernel: CPU: ARMv7 Processor [410fc0f4] revision 4 (ARMv7), cr=30c7387d
Jan  1 00:00:07 mingyuan kernel: CPU: PIPT / VIPT nonaliasing data cache, PIPT instruction cache
Jan  1 00:00:07 mingyuan kernel: Machine: SAMSUNG EXYNOS5 (Flattened Device Tree), model: SAMSUNG ARNDALE board based on EXYNOS5250
Jan  1 00:00:07 mingyuan kernel: NR_BANKS too low, ignoring high memory
Jan  1 00:00:07 mingyuan kernel: Memory policy: ECC disabled, Data cache writealloc
Jan  1 00:00:07 mingyuan kernel: CPU EXYNOS5250 (id 0x43520020)
Jan  1 00:00:07 mingyuan kernel: exynos5_init_clocks: initializing clocks
Jan  1 00:00:07 mingyuan kernel: S3C24XX Clocks, Copyright 2004 Simtec Electronics
Jan  1 00:00:07 mingyuan kernel: exynos5_setup_clocks: registering clocks
Jan  1 00:00:07 mingyuan kernel: exynos5_setup_clocks: xtal is 24000000
Jan  1 00:00:07 mingyuan kernel: EXYNOS5: PLL settings, A=1000000000, B=800000000, C=333000000
Jan  1 00:00:07 mingyuan kernel: M=1600000000, E=96000000 V=300000000
Jan  1 00:00:07 mingyuan kernel: EXYNOS5: ARMCLK=1000000000, CDREX=800000000, ACLK400=800000000
Jan  1 00:00:07 mingyuan kernel: ACLK333=333000000, ACLK266=266666666, ACLK200=200000000
Jan  1 00:00:07 mingyuan kernel: ACLK166=166500000, ACLK66=66666666
Jan  1 00:00:07 mingyuan kernel: aclk_266_gscl: source is aclk_266 (1), rate is 266666666
Jan  1 00:00:07 mingyuan kernel: sclk_g3d: source is mout_mpll_user (0), rate is 800000000
Jan  1 00:00:07 mingyuan kernel: sclk_sata: source is mout_mpll_user (0), rate is 66666666
Jan  1 00:00:07 mingyuan kernel: sclk_gscl_wrap: source is ext_xtal (0), rate is 24000000
Jan  1 00:00:07 mingyuan kernel: sclk_gscl_wrap: source is ext_xtal (0), rate is 24000000
Jan  1 00:00:07 mingyuan kernel: sclk_cam0: source is ext_xtal (0), rate is 24000000
Jan  1 00:00:07 mingyuan kernel: sclk_cam1: source is ext_xtal (0), rate is 24000000
Jan  1 00:00:07 mingyuan kernel: sclk_usbdrd30: source is mout_mpll (0), rate is 66666666
Jan  1 00:00:07 mingyuan kernel: NUMA: Adding CPU 0 to node 0
Jan  1 00:00:07 mingyuan kernel: Zone ranges:
Jan  1 00:00:07 mingyuan kernel:  Normal   [mem 0x40000000-0x6f7fffff]
Jan  1 00:00:07 mingyuan kernel:  HighMem  [mem 0x6f800000-0xbfffffff]
Jan  1 00:00:07 mingyuan kernel: Movable zone start for each node
Jan  1 00:00:07 mingyuan kernel: Early memory node ranges
Jan  1 00:00:07 mingyuan kernel:  node   0: [mem 0x40000000-0x6f7fffff]
Jan  1 00:00:07 mingyuan kernel:  node   0: [mem 0x70000000-0xbfffffff]
Jan  1 00:00:07 mingyuan kernel: On node 0 totalpages: 522240
Jan  1 00:00:07 mingyuan kernel:  Normal zone: 1520 pages used for memmap
Jan  1 00:00:07 mingyuan kernel:  Normal zone: 0 pages reserved
Jan  1 00:00:07 mingyuan kernel:  Normal zone: 193040 pages, LIFO batch:31
Jan  1 00:00:07 mingyuan kernel:  HighMem zone: 2576 pages used for memmap
Jan  1 00:00:07 mingyuan kernel:  HighMem zone: 325104 pages, LIFO batch:31
Jan  1 00:00:07 mingyuan kernel: PERCPU: Embedded 8 pages/cpu @c15c5000 s8256 r8192 d16320 u32768
Jan  1 00:00:07 mingyuan kernel: pcpu-alloc: s8256 r8192 d16320 u32768 alloc=8*4096
Jan  1 00:00:07 mingyuan kernel: pcpu-alloc: [0] 0 [0] 1 
Jan  1 00:00:07 mingyuan kernel: Built 1 zonelists in Node order, mobility grouping on.  Total pages: 518144
Jan  1 00:00:07 mingyuan kernel: Policy zone: HighMem
Jan  1 00:00:07 mingyuan kernel: Kernel command line: console=ttySAC2,115200n8 root=/dev/mmcblk1p2 rw rootwait
Jan  1 00:00:07 mingyuan kernel: PID hash table entries: 4096 (order: 2, 16384 bytes)
Jan  1 00:00:07 mingyuan kernel: Dentry cache hash table entries: 131072 (order: 7, 524288 bytes)
Jan  1 00:00:07 mingyuan kernel: Inode-cache hash table entries: 65536 (order: 6, 262144 bytes)
Jan  1 00:00:07 mingyuan kernel: __ex_table already sorted, skipping sort
Jan  1 00:00:07 mingyuan kernel: Memory: 760MB 1280MB = 2040MB total
Jan  1 00:00:07 mingyuan kernel: Memory: 2065812k/2065812k available, 23148k reserved, 1310720K highmem
Jan  1 00:00:07 mingyuan kernel: Virtual kernel memory layout:
Jan  1 00:00:07 mingyuan kernel:    vector  : 0xffff0000 - 0xffff1000   (   4 kB)
Jan  1 00:00:07 mingyuan kernel:    fixmap  : 0xfff00000 - 0xfffe0000   ( 896 kB)
Jan  1 00:00:07 mingyuan kernel:    vmalloc : 0xf0000000 - 0xff000000   ( 240 MB)
Jan  1 00:00:07 mingyuan kernel:    lowmem  : 0xc0000000 - 0xef800000   ( 760 MB)
Jan  1 00:00:07 mingyuan kernel:    pkmap   : 0xbfe00000 - 0xc0000000   (   2 MB)
Jan  1 00:00:07 mingyuan kernel:    modules : 0xbf000000 - 0xbfe00000   (  14 MB)
Jan  1 00:00:07 mingyuan kernel:      .text : 0xc0008000 - 0xc04f1d5c   (5032 kB)
Jan  1 00:00:07 mingyuan kernel:      .init : 0xc04f2000 - 0xc0522040   ( 193 kB)
Jan  1 00:00:07 mingyuan kernel:      .data : 0xc0524000 - 0xc056e000   ( 296 kB)
Jan  1 00:00:07 mingyuan kernel:       .bss : 0xc056e000 - 0xc05a9e00   ( 240 kB)
Jan  1 00:00:07 mingyuan kernel: SLUB: Genslabs=11, HWalign=64, Order=0-3, MinObjects=0, CPUs=2, Nodes=4
Jan  1 00:00:07 mingyuan kernel: Preemptible hierarchical RCU implementation.
Jan  1 00:00:07 mingyuan kernel: NR_IRQS:549
Jan  1 00:00:07 mingyuan kernel: Architected local timer running at 24.00MHz (phys).
Jan  1 00:00:07 mingyuan kernel: Switching to timer-based delay loop
Jan  1 00:00:07 mingyuan kernel: sched_clock: 32 bits at 100 Hz, resolution 10000000ns, wraps every 4294967286ms
Jan  1 00:00:07 mingyuan kernel: Console: colour dummy device 80x30
Jan  1 00:00:07 mingyuan kernel: Calibrating delay loop (skipped), value calculated using timer frequency.. 48.00 BogoMIPS (lpj=240000)
Jan  1 00:00:07 mingyuan kernel: pid_max: default: 32768 minimum: 301
Jan  1 00:00:07 mingyuan kernel: Mount-cache hash table entries: 512
Jan  1 00:00:07 mingyuan kernel: CPU: Testing write buffer coherency: ok
Jan  1 00:00:07 mingyuan kernel: CPU0: thread -1, cpu 0, socket 0, mpidr 80000000
Jan  1 00:00:07 mingyuan kernel: Setting up static identity map for 0xc03bd4d8 - 0xc03bd530
Jan  1 00:00:07 mingyuan kernel: Setting up static HYP identity map for 0xc03bd530 - 0xc03bd600
Jan  1 00:00:07 mingyuan kernel: CPU1: Booted secondary processor
Jan  1 00:00:07 mingyuan kernel: CPU1: thread -1, cpu 1, socket 0, mpidr 80000001
Jan  1 00:00:07 mingyuan kernel: NUMA: Adding CPU 1 to node 0
Jan  1 00:00:07 mingyuan kernel: Brought up 2 CPUs
Jan  1 00:00:07 mingyuan kernel: SMP: Total of 2 processors activated (96.00 BogoMIPS).
Jan  1 00:00:07 mingyuan kernel: CPU: All CPU(s) started in HYP mode.
Jan  1 00:00:07 mingyuan kernel: CPU: Virtualization extensions available.
Jan  1 00:00:07 mingyuan kernel: pinctrl core: initialized pinctrl subsystem
Jan  1 00:00:07 mingyuan kernel: regulator-dummy: no parameters
Jan  1 00:00:07 mingyuan kernel: NET: Registered protocol family 16
Jan  1 00:00:07 mingyuan kernel: DMA: preallocated 256 KiB pool for atomic coherent allocations
Jan  1 00:00:07 mingyuan kernel: hw-breakpoint: found 5 (+1 reserved) breakpoint and 4 watchpoint registers.
Jan  1 00:00:07 mingyuan kernel: hw-breakpoint: maximum watchpoint size is 8 bytes.
Jan  1 00:00:07 mingyuan kernel: S3C Power Management, Copyright 2004 Simtec Electronics
Jan  1 00:00:07 mingyuan kernel: EXYNOS5250 PMU Initialize
Jan  1 00:00:07 mingyuan kernel: EXYNOS: Initializing architecture
Jan  1 00:00:07 mingyuan kernel: bio: create slab <bio-0> at 0
Jan  1 00:00:07 mingyuan kernel: SCSI subsystem initialized
Jan  1 00:00:07 mingyuan kernel: libata version 3.00 loaded.
Jan  1 00:00:07 mingyuan kernel: usbcore: registered new interface driver usbfs
Jan  1 00:00:07 mingyuan kernel: usbcore: registered new interface driver hub
Jan  1 00:00:07 mingyuan kernel: usbcore: registered new device driver usb
Jan  1 00:00:07 mingyuan kernel: s3c-i2c s3c2440-i2c.0: slave address 0x66
Jan  1 00:00:07 mingyuan kernel: s3c-i2c s3c2440-i2c.0: bus frequency set to 18 KHz
Jan  1 00:00:07 mingyuan kernel: sec_pmic 0-0066: No interrupt specified, no interrupts
Jan  1 00:00:07 mingyuan kernel: VDD_ALIVE_1.0V: 1100 mV 
Jan  1 00:00:07 mingyuan kernel: VDD_28IO_DP_1.35V: 1200 mV 
Jan  1 00:00:07 mingyuan kernel: VDD_COMMON1_1.8V: 1800 mV 
Jan  1 00:00:07 mingyuan kernel: VDD_IOPERI_1.8V: 1800 mV 
Jan  1 00:00:07 mingyuan kernel: VDD_EXT_1.8V: 1800 mV 
Jan  1 00:00:07 mingyuan kernel: VDD_MPLL_1.1V: 1100 mV 
Jan  1 00:00:07 mingyuan kernel: VDD_XPLL_1.1V: 1100 mV 
Jan  1 00:00:07 mingyuan kernel: VDD_COMMON2_1.0V: 1000 mV 
Jan  1 00:00:07 mingyuan kernel: VDD_33ON_3.0V: 3000 mV 
Jan  1 00:00:07 mingyuan kernel: VDD_COMMON3_1.8V: 1800 mV 
Jan  1 00:00:07 mingyuan kernel: VDD_ABB2_1.8V: 1800 mV 
Jan  1 00:00:07 mingyuan kernel: VDD_USB_3.0V: 3000 mV 
Jan  1 00:00:07 mingyuan kernel: VDDQ_C2C_W_1.8V: 1800 mV 
Jan  1 00:00:07 mingyuan kernel: VDD18_ABB0/3_1.8V: 1800 mV 
Jan  1 00:00:07 mingyuan kernel: VDD10_COMMON4_1.0V: 1000 mV 
Jan  1 00:00:07 mingyuan kernel: VDD18_HSIC_1.8V: 1800 mV 
Jan  1 00:00:07 mingyuan kernel: VDDQ_MMC2/3_2.8V: 2800 mV 
Jan  1 00:00:07 mingyuan kernel: VDD_33ON_2.8V: 2800 mV 
Jan  1 00:00:07 mingyuan kernel: vdd_mif: 950 <--> 1200 mV at 1000 mV 
Jan  1 00:00:07 mingyuan kernel: vdd_arm: 925 <--> 1300 mV at 1100 mV 
Jan  1 00:00:07 mingyuan kernel: vdd_int: 900 <--> 1200 mV at 1000 mV 
Jan  1 00:00:07 mingyuan kernel: VDD_G3D_1.0V: 1000 mV 
Jan  1 00:00:07 mingyuan kernel: VDD_MEM_1.35V: 750 <--> 1350 mV at 1200 mV 
Jan  1 00:00:07 mingyuan kernel: s3c-i2c s3c2440-i2c.0: i2c-0: S3C I2C adapter
Jan  1 00:00:07 mingyuan kernel: s3c-i2c exynos5-sata-phy-i2c: slave address 0x38
Jan  1 00:00:07 mingyuan kernel: s3c-i2c exynos5-sata-phy-i2c: bus frequency set to 39 KHz
Jan  1 00:00:07 mingyuan kernel: s3c-i2c exynos5-sata-phy-i2c: i2c-1: S3C I2C adapter
Jan  1 00:00:07 mingyuan kernel: Switching to clocksource mct-frc
Jan  1 00:00:07 mingyuan kernel: NET: Registered protocol family 2
Jan  1 00:00:07 mingyuan kernel: TCP established hash table entries: 8192 (order: 4, 65536 bytes)
Jan  1 00:00:07 mingyuan kernel: TCP bind hash table entries: 8192 (order: 5, 163840 bytes)
Jan  1 00:00:07 mingyuan kernel: TCP: Hash tables configured (established 8192 bind 8192)
Jan  1 00:00:07 mingyuan kernel: TCP: reno registered
Jan  1 00:00:07 mingyuan kernel: UDP hash table entries: 512 (order: 2, 24576 bytes)
Jan  1 00:00:07 mingyuan kernel: UDP-Lite hash table entries: 512 (order: 2, 24576 bytes)
Jan  1 00:00:07 mingyuan kernel: NET: Registered protocol family 1
Jan  1 00:00:07 mingyuan kernel: kvm [1]: interrupt-controller@10484000 IRQ25
Jan  1 00:00:07 mingyuan kernel: kvm [1]: timer IRQ27
Jan  1 00:00:07 mingyuan kernel: kvm [1]: Hyp mode initialized successfully
Jan  1 00:00:07 mingyuan kernel: hw perfevents: enabled with ARMv7_Cortex_A15 PMU driver, 7 counters available
Jan  1 00:00:07 mingyuan kernel: bounce pool size: 64 pages
Jan  1 00:00:07 mingyuan kernel: HugeTLB registered 2 MB page size, pre-allocated 0 pages
Jan  1 00:00:07 mingyuan kernel: ROMFS MTD (C) 2007 Red Hat, Inc.
Jan  1 00:00:07 mingyuan kernel: msgmni has been set to 1474
Jan  1 00:00:07 mingyuan kernel: io scheduler noop registered
Jan  1 00:00:07 mingyuan kernel: io scheduler deadline registered
Jan  1 00:00:07 mingyuan kernel: io scheduler cfq registered (default)
Jan  1 00:00:07 mingyuan kernel: dma-pl330 dma-pl330.0: Loaded driver for PL330 DMAC-2364208
Jan  1 00:00:07 mingyuan kernel: dma-pl330 dma-pl330.0: 	DBUFF-32x4bytes Num_Chans-8 Num_Peri-32 Num_Events-32
Jan  1 00:00:07 mingyuan kernel: dma-pl330 dma-pl330.1: Loaded driver for PL330 DMAC-2364208
Jan  1 00:00:07 mingyuan kernel: dma-pl330 dma-pl330.1: 	DBUFF-32x4bytes Num_Chans-8 Num_Peri-32 Num_Events-32
Jan  1 00:00:07 mingyuan kernel: dma-pl330 dma-pl330.2: Loaded driver for PL330 DMAC-2364208
Jan  1 00:00:07 mingyuan kernel: dma-pl330 dma-pl330.2: 	DBUFF-64x8bytes Num_Chans-8 Num_Peri-1 Num_Events-32
Jan  1 00:00:07 mingyuan kernel: Serial: 8250/16550 driver, 4 ports, IRQ sharing disabled
Jan  1 00:00:07 mingyuan kernel: exynos4210-uart.0: ttySAC0 at MMIO 0x12c00000 (irq = 83) is a S3C6400/10
Jan  1 00:00:07 mingyuan kernel: exynos4210-uart.1: ttySAC1 at MMIO 0x12c10000 (irq = 84) is a S3C6400/10
Jan  1 00:00:07 mingyuan kernel: exynos4210-uart.2: ttySAC2 at MMIO 0x12c20000 (irq = 85) is a S3C6400/10
Jan  1 00:00:07 mingyuan kernel: console [ttySAC2] enabled
Jan  1 00:00:07 mingyuan kernel: exynos4210-uart.3: ttySAC3 at MMIO 0x12c30000 (irq = 86) is a S3C6400/10
Jan  1 00:00:07 mingyuan kernel: brd: module loaded
Jan  1 00:00:07 mingyuan kernel: loop: module loaded
Jan  1 00:00:07 mingyuan kernel: ahci-sata exynos5-sata: failed to get sata phy
Jan  1 00:00:07 mingyuan kernel: platform exynos5-sata: Driver ahci-sata requests probe deferral
Jan  1 00:00:07 mingyuan kernel: Synopsys Designware Multimedia Card Interface Driver
Jan  1 00:00:07 mingyuan kernel: dwmmc_exynos dw_mmc.0: Using internal DMA controller.
Jan  1 00:00:07 mingyuan kernel: dwmmc_exynos dw_mmc.0: DW MMC controller at irq 107, 32 bit host data width, 128 deep fifo
Jan  1 00:00:07 mingyuan kernel: dwmmc_exynos dw_mmc.0: wp gpio not available
Jan  1 00:00:07 mingyuan kernel: mmc0: no vmmc regulator found
Jan  1 00:00:07 mingyuan kernel: mmc_host mmc0: Bus speed (slot 0) = 100000000Hz (slot req 400000Hz, actual 400000HZ div = 125)
Jan  1 00:00:07 mingyuan kernel: dwmmc_exynos dw_mmc.0: 1 slots initialized
Jan  1 00:00:07 mingyuan kernel: dwmmc_exynos dw_mmc.0: Version ID is 241a
Jan  1 00:00:07 mingyuan kernel: dwmmc_exynos dw_mmc.2: Using internal DMA controller.
Jan  1 00:00:07 mingyuan kernel: dwmmc_exynos dw_mmc.2: DW MMC controller at irq 109, 32 bit host data width, 128 deep fifo
Jan  1 00:00:07 mingyuan kernel: dwmmc_exynos dw_mmc.2: wp gpio not available
Jan  1 00:00:07 mingyuan kernel: mmc1: no vmmc regulator found
Jan  1 00:00:07 mingyuan kernel: mmc_host mmc1: Bus speed (slot 0) = 100000000Hz (slot req 400000Hz, actual 400000HZ div = 125)
Jan  1 00:00:07 mingyuan kernel: dwmmc_exynos dw_mmc.2: 1 slots initialized
Jan  1 00:00:07 mingyuan kernel: dwmmc_exynos dw_mmc.2: Version ID is 241a
Jan  1 00:00:07 mingyuan kernel: tun: Universal TUN/TAP device driver, 1.6
Jan  1 00:00:07 mingyuan kernel: tun: (C) 1999-2004 Max Krasnyansky <maxk@qualcomm.com>
Jan  1 00:00:07 mingyuan kernel: usbcore: registered new interface driver asix
Jan  1 00:00:07 mingyuan kernel: usbcore: registered new interface driver cdc_ether
Jan  1 00:00:07 mingyuan kernel: usbcore: registered new interface driver net1080
Jan  1 00:00:07 mingyuan kernel: usbcore: registered new interface driver cdc_subset
Jan  1 00:00:07 mingyuan kernel: usbcore: registered new interface driver zaurus
Jan  1 00:00:07 mingyuan kernel: usbcore: registered new interface driver cdc_ncm
Jan  1 00:00:07 mingyuan kernel: mmc0: BKOPS_EN bit is not set
Jan  1 00:00:07 mingyuan kernel: mmc_host mmc0: Bus speed (slot 0) = 100000000Hz (slot req 52000000Hz, actual 50000000HZ div = 1)
Jan  1 00:00:07 mingyuan kernel: mmc0: new high speed DDR MMC card at address 0001
Jan  1 00:00:07 mingyuan kernel: mmcblk0: mmc0:0001 M4G1FA 3.72 GiB 
Jan  1 00:00:07 mingyuan kernel: mmcblk0boot0: mmc0:0001 M4G1FA partition 1 1.00 MiB
Jan  1 00:00:07 mingyuan kernel: mmcblk0boot1: mmc0:0001 M4G1FA partition 2 1.00 MiB
Jan  1 00:00:07 mingyuan kernel: mmcblk0rpmb: mmc0:0001 M4G1FA partition 3 128 KiB
Jan  1 00:00:07 mingyuan kernel: mmcblk0: p1 p2 p3 p4
Jan  1 00:00:07 mingyuan kernel: mmcblk0boot1: unknown partition table
Jan  1 00:00:07 mingyuan kernel: mmcblk0boot0: unknown partition table
Jan  1 00:00:07 mingyuan kernel: mmc_host mmc1: Bus speed (slot 0) = 100000000Hz (slot req 50000000Hz, actual 50000000HZ div = 1)
Jan  1 00:00:07 mingyuan kernel: mmc1: new high speed SDHC card at address e624
Jan  1 00:00:07 mingyuan kernel: mmcblk1: mmc1:e624 SU16G 14.8 GiB 
Jan  1 00:00:07 mingyuan kernel: mmcblk1: p1 p2
Jan  1 00:00:07 mingyuan kernel: ehci_hcd: USB 2.0 'Enhanced' Host Controller (EHCI) Driver
Jan  1 00:00:07 mingyuan kernel: exynos5250-usbphy s3c-usbphy: Already power on PHY
Jan  1 00:00:07 mingyuan kernel: s5p-ehci s5p-ehci: S5P EHCI Host Controller
Jan  1 00:00:07 mingyuan kernel: s5p-ehci s5p-ehci: new USB bus registered, assigned bus number 1
Jan  1 00:00:07 mingyuan kernel: s5p-ehci s5p-ehci: irq 103, io mem 0x12110000
Jan  1 00:00:07 mingyuan kernel: s5p-ehci s5p-ehci: USB 2.0 started, EHCI 1.00
Jan  1 00:00:07 mingyuan kernel: usb usb1: Product: S5P EHCI Host Controller
Jan  1 00:00:07 mingyuan kernel: usb usb1: Manufacturer: Linux 3.8.0-rc4 ehci_hcd
Jan  1 00:00:07 mingyuan kernel: usb usb1: SerialNumber: s5p-ehci
Jan  1 00:00:07 mingyuan kernel: ohci_hcd: USB 1.1 'Open' Host Controller (OHCI) Driver
Jan  1 00:00:07 mingyuan kernel: exynos5250-usbphy s3c-usbphy: Already power on PHY
Jan  1 00:00:07 mingyuan kernel: exynos-ohci exynos-ohci: EXYNOS OHCI Host Controller
Jan  1 00:00:07 mingyuan kernel: exynos-ohci exynos-ohci: new USB bus registered, assigned bus number 2
Jan  1 00:00:07 mingyuan kernel: exynos-ohci exynos-ohci: irq 103, io mem 0x12120000
Jan  1 00:00:07 mingyuan kernel: usb usb2: Product: EXYNOS OHCI Host Controller
Jan  1 00:00:07 mingyuan kernel: usb usb2: Manufacturer: Linux 3.8.0-rc4 ohci_hcd
Jan  1 00:00:07 mingyuan kernel: usb usb2: SerialNumber: exynos-ohci
Jan  1 00:00:07 mingyuan kernel: xhci-hcd xhci-hcd: xHCI Host Controller
Jan  1 00:00:07 mingyuan kernel: xhci-hcd xhci-hcd: new USB bus registered, assigned bus number 3
Jan  1 00:00:07 mingyuan kernel: xhci-hcd xhci-hcd: irq 104, io mem 0x12000000
Jan  1 00:00:07 mingyuan kernel: usb usb3: Product: xHCI Host Controller
Jan  1 00:00:07 mingyuan kernel: usb usb3: Manufacturer: Linux 3.8.0-rc4 xhci-hcd
Jan  1 00:00:07 mingyuan kernel: usb usb3: SerialNumber: xhci-hcd
Jan  1 00:00:07 mingyuan kernel: xHCI xhci_add_endpoint called for root hub
Jan  1 00:00:07 mingyuan kernel: xHCI xhci_check_bandwidth called for root hub
Jan  1 00:00:07 mingyuan kernel: xhci-hcd xhci-hcd: xHCI Host Controller
Jan  1 00:00:07 mingyuan kernel: xhci-hcd xhci-hcd: new USB bus registered, assigned bus number 4
Jan  1 00:00:07 mingyuan kernel: usb usb4: Product: xHCI Host Controller
Jan  1 00:00:07 mingyuan kernel: usb usb4: Manufacturer: Linux 3.8.0-rc4 xhci-hcd
Jan  1 00:00:07 mingyuan kernel: usb usb4: SerialNumber: xhci-hcd
Jan  1 00:00:07 mingyuan kernel: xHCI xhci_add_endpoint called for root hub
Jan  1 00:00:07 mingyuan kernel: xHCI xhci_check_bandwidth called for root hub
Jan  1 00:00:07 mingyuan kernel: Initializing USB Mass Storage driver...
Jan  1 00:00:07 mingyuan kernel: usbcore: registered new interface driver usb-storage
Jan  1 00:00:07 mingyuan kernel: USB Mass Storage support registered.
Jan  1 00:00:07 mingyuan kernel: mousedev: PS/2 mouse device common for all mice
Jan  1 00:00:07 mingyuan kernel: Exynos: Kernel Thermal management registered
Jan  1 00:00:07 mingyuan kernel: cpuidle: using governor ladder
Jan  1 00:00:07 mingyuan kernel: cpuidle: using governor menu
Jan  1 00:00:07 mingyuan kernel: usbcore: registered new interface driver usbhid
Jan  1 00:00:07 mingyuan kernel: usbhid: USB HID core driver
Jan  1 00:00:07 mingyuan kernel: TCP: cubic registered
Jan  1 00:00:07 mingyuan kernel: NET: Registered protocol family 10
Jan  1 00:00:07 mingyuan kernel: NET: Registered protocol family 17
Jan  1 00:00:07 mingyuan kernel: VFP support v0.3: implementor 41 architecture 4 part 30 variant f rev 0
Jan  1 00:00:07 mingyuan kernel: Registering SWP/SWPB emulation handler
Jan  1 00:00:07 mingyuan kernel: ahci-sata exynos5-sata: forcing PORTS_IMPL to 0x1
Jan  1 00:00:07 mingyuan kernel: ahci-sata exynos5-sata: AHCI 0001.0300 32 slots 1 ports 6 Gbps 0x1 impl platform mode
Jan  1 00:00:07 mingyuan kernel: ahci-sata exynos5-sata: flags: ncq sntf pm led clo only pmp pio slum part ccc apst 
Jan  1 00:00:07 mingyuan kernel: scsi0 : ahci_platform
Jan  1 00:00:07 mingyuan kernel: ata1: SATA max UDMA/133 mmio [mem 0x122f0000-0x122f01fe] port 0x100 irq 147
Jan  1 00:00:07 mingyuan kernel: ata1: SATA link down (SStatus 0 SControl 300)
Jan  1 00:00:07 mingyuan kernel: EXT3-fs (mmcblk1p2): error: couldn't mount because of unsupported optional features (240)
Jan  1 00:00:07 mingyuan kernel: EXT2-fs (mmcblk1p2): error: couldn't mount because of unsupported optional features (244)
Jan  1 00:00:07 mingyuan kernel: usb 1-3.2: Product: USB2.0 Hub
Jan  1 00:00:07 mingyuan kernel: EXT4-fs (mmcblk1p2): recovery complete
Jan  1 00:00:07 mingyuan kernel: EXT4-fs (mmcblk1p2): mounted filesystem with ordered data mode. Opts: (null)
Jan  1 00:00:07 mingyuan kernel: VFS: Mounted root (ext4 filesystem) on device 179:34.
Jan  1 00:00:07 mingyuan kernel: Freeing init memory: 192K
Jan  1 00:00:07 mingyuan kernel: usb 1-3.2.2: Product: USB 2.0 Hub [MTT]
Jan  1 00:00:07 mingyuan kernel: usb 1-3.2.4: Product: AX88772 
Jan  1 00:00:07 mingyuan kernel: usb 1-3.2.4: Manufacturer: ASIX Elec. Corp.
Jan  1 00:00:07 mingyuan kernel: usb 1-3.2.4: SerialNumber: 000001
Jan  1 00:00:07 mingyuan kernel: asix 1-3.2.4:1.0 (unregistered net_device): invalid hw address, using random
Jan  1 00:00:07 mingyuan kernel: asix 1-3.2.4:1.0 eth0: register 'asix' at usb-s5p-ehci-3.2.4, ASIX AX88772 USB 2.0 Ethernet, c2:f2:02:97:c8:d0
Jan  1 00:00:07 mingyuan kernel: usb 1-3.2.2.3: Product: USB Keyboard
Jan  1 00:00:07 mingyuan kernel: usb 1-3.2.2.3: Manufacturer: Logitech
Jan  1 00:00:07 mingyuan kernel: input: Logitech USB Keyboard as /devices/s5p-ehci/usb1/1-3/1-3.2/1-3.2.2/1-3.2.2.3/1-3.2.2.3:1.0/input/input0
Jan  1 00:00:07 mingyuan kernel: hid-generic 0003:046D:C31C.0001: input: USB HID v1.10 Keyboard [Logitech USB Keyboard] on usb-s5p-ehci-3.2.2.3/input0
Jan  1 00:00:07 mingyuan kernel: input: Logitech USB Keyboard as /devices/s5p-ehci/usb1/1-3/1-3.2/1-3.2.2/1-3.2.2.3/1-3.2.2.3:1.1/input/input1
Jan  1 00:00:07 mingyuan kernel: hid-generic 0003:046D:C31C.0002: input: USB HID v1.10 Device [Logitech USB Keyboard] on usb-s5p-ehci-3.2.2.3/input1
Jan  1 00:00:07 mingyuan kernel: usb 1-3.2.2.4: Product: USB Optical Mouse
Jan  1 00:00:07 mingyuan kernel: input: USB Optical Mouse as /devices/s5p-ehci/usb1/1-3/1-3.2/1-3.2.2/1-3.2.2.4/1-3.2.2.4:1.0/input/input2
Jan  1 00:00:07 mingyuan kernel: hid-generic 0003:0461:4D81.0003: input: USB HID v1.11 Mouse [USB Optical Mouse] on usb-s5p-ehci-3.2.2.4/input0
Jan  1 00:00:09 mingyuan kernel: IPv6: ADDRCONF(NETDEV_UP): eth0: link is not ready
Jan  1 00:00:09 mingyuan kernel: IPv6: ADDRCONF(NETDEV_CHANGE): eth0: link becomes ready
Jan  1 00:00:09 mingyuan kernel: asix 1-3.2.4:1.0 eth0: link down
Jan  1 00:00:11 mingyuan kernel: asix 1-3.2.4:1.0 eth0: link up, 100Mbps, full-duplex, lpa 0xCDE1
Jun  2 09:06:10 mingyuan kernel: device eth0 entered promiscuous mode
Jun  2 09:06:10 mingyuan kernel: device tap0 entered promiscuous mode
Jun  2 09:06:10 mingyuan kernel: br0: port 2(tap0) entered forwarding state
Jun  2 09:06:10 mingyuan kernel: br0: port 2(tap0) entered forwarding state
Jun  2 09:06:10 mingyuan kernel: br0: port 1(eth0) entered forwarding state
Jun  2 09:06:10 mingyuan kernel: br0: port 1(eth0) entered forwarding state
Jun  2 09:06:25 mingyuan kernel: br0: port 2(tap0) entered forwarding state
Jun  2 09:06:25 mingyuan kernel: br0: port 1(eth0) entered forwarding state
Jan  1 00:00:06 mingyuan kernel: imklog 5.8.11, log source = /proc/kmsg started.
Jan  1 00:00:06 mingyuan kernel: Booting Linux on physical CPU 0x0
Jan  1 00:00:06 mingyuan kernel: Linux version 3.8.0-rc4 (mingyuan@mingyuan) (gcc version 4.7.3 20130328 (prerelease) (crosstool-NG linaro-1.13.1-4.7-2013.04-20130415 - Linaro GCC 2013.04) ) #1 SMP PREEMPT Sun Jun 2 16:03:11 KST 2013
Jan  1 00:00:06 mingyuan kernel: Kernel was built at commit id ''
Jan  1 00:00:06 mingyuan kernel: CPU: ARMv7 Processor [410fc0f4] revision 4 (ARMv7), cr=30c7387d
Jan  1 00:00:06 mingyuan kernel: CPU: PIPT / VIPT nonaliasing data cache, PIPT instruction cache
Jan  1 00:00:06 mingyuan kernel: Machine: SAMSUNG EXYNOS5 (Flattened Device Tree), model: SAMSUNG ARNDALE board based on EXYNOS5250
Jan  1 00:00:06 mingyuan kernel: NR_BANKS too low, ignoring high memory
Jan  1 00:00:06 mingyuan kernel: Memory policy: ECC disabled, Data cache writealloc
Jan  1 00:00:06 mingyuan kernel: CPU EXYNOS5250 (id 0x43520020)
Jan  1 00:00:06 mingyuan kernel: exynos5_init_clocks: initializing clocks
Jan  1 00:00:06 mingyuan kernel: S3C24XX Clocks, Copyright 2004 Simtec Electronics
Jan  1 00:00:06 mingyuan kernel: exynos5_setup_clocks: registering clocks
Jan  1 00:00:06 mingyuan kernel: exynos5_setup_clocks: xtal is 24000000
Jan  1 00:00:06 mingyuan kernel: EXYNOS5: PLL settings, A=1000000000, B=800000000, C=333000000
Jan  1 00:00:06 mingyuan kernel: M=1600000000, E=96000000 V=300000000
Jan  1 00:00:06 mingyuan kernel: EXYNOS5: ARMCLK=1000000000, CDREX=800000000, ACLK400=800000000
Jan  1 00:00:06 mingyuan kernel: ACLK333=333000000, ACLK266=266666666, ACLK200=200000000
Jan  1 00:00:06 mingyuan kernel: ACLK166=166500000, ACLK66=66666666
Jan  1 00:00:06 mingyuan kernel: aclk_266_gscl: source is aclk_266 (1), rate is 266666666
Jan  1 00:00:06 mingyuan kernel: sclk_g3d: source is mout_mpll_user (0), rate is 800000000
Jan  1 00:00:06 mingyuan kernel: sclk_sata: source is mout_mpll_user (0), rate is 66666666
Jan  1 00:00:06 mingyuan kernel: sclk_gscl_wrap: source is ext_xtal (0), rate is 24000000
Jan  1 00:00:06 mingyuan kernel: sclk_gscl_wrap: source is ext_xtal (0), rate is 24000000
Jan  1 00:00:06 mingyuan kernel: sclk_cam0: source is ext_xtal (0), rate is 24000000
Jan  1 00:00:06 mingyuan kernel: sclk_cam1: source is ext_xtal (0), rate is 24000000
Jan  1 00:00:06 mingyuan kernel: sclk_usbdrd30: source is mout_mpll (0), rate is 66666666
Jan  1 00:00:06 mingyuan kernel: NUMA: Adding CPU 0 to node 0
Jan  1 00:00:06 mingyuan kernel: Zone ranges:
Jan  1 00:00:06 mingyuan kernel:  Normal   [mem 0x40000000-0x6f7fffff]
Jan  1 00:00:06 mingyuan kernel:  HighMem  [mem 0x6f800000-0xbfffffff]
Jan  1 00:00:06 mingyuan kernel: Movable zone start for each node
Jan  1 00:00:06 mingyuan kernel: Early memory node ranges
Jan  1 00:00:06 mingyuan kernel:  node   0: [mem 0x40000000-0x6f7fffff]
Jan  1 00:00:06 mingyuan kernel:  node   0: [mem 0x70000000-0xbfffffff]
Jan  1 00:00:06 mingyuan kernel: On node 0 totalpages: 522240
Jan  1 00:00:06 mingyuan kernel:  Normal zone: 1520 pages used for memmap
Jan  1 00:00:06 mingyuan kernel:  Normal zone: 0 pages reserved
Jan  1 00:00:06 mingyuan kernel:  Normal zone: 193040 pages, LIFO batch:31
Jan  1 00:00:06 mingyuan kernel:  HighMem zone: 2576 pages used for memmap
Jan  1 00:00:06 mingyuan kernel:  HighMem zone: 325104 pages, LIFO batch:31
Jan  1 00:00:06 mingyuan kernel: PERCPU: Embedded 8 pages/cpu @c15c5000 s8256 r8192 d16320 u32768
Jan  1 00:00:06 mingyuan kernel: pcpu-alloc: s8256 r8192 d16320 u32768 alloc=8*4096
Jan  1 00:00:06 mingyuan kernel: pcpu-alloc: [0] 0 [0] 1 
Jan  1 00:00:06 mingyuan kernel: Built 1 zonelists in Node order, mobility grouping on.  Total pages: 518144
Jan  1 00:00:06 mingyuan kernel: Policy zone: HighMem
Jan  1 00:00:06 mingyuan kernel: Kernel command line: console=ttySAC2,115200n8 root=/dev/mmcblk1p2 rw rootwait
Jan  1 00:00:06 mingyuan kernel: PID hash table entries: 4096 (order: 2, 16384 bytes)
Jan  1 00:00:06 mingyuan kernel: Dentry cache hash table entries: 131072 (order: 7, 524288 bytes)
Jan  1 00:00:06 mingyuan kernel: Inode-cache hash table entries: 65536 (order: 6, 262144 bytes)
Jan  1 00:00:06 mingyuan kernel: __ex_table already sorted, skipping sort
Jan  1 00:00:06 mingyuan kernel: Memory: 760MB 1280MB = 2040MB total
Jan  1 00:00:06 mingyuan kernel: Memory: 2065812k/2065812k available, 23148k reserved, 1310720K highmem
Jan  1 00:00:06 mingyuan kernel: Virtual kernel memory layout:
Jan  1 00:00:06 mingyuan kernel:    vector  : 0xffff0000 - 0xffff1000   (   4 kB)
Jan  1 00:00:06 mingyuan kernel:    fixmap  : 0xfff00000 - 0xfffe0000   ( 896 kB)
Jan  1 00:00:06 mingyuan kernel:    vmalloc : 0xf0000000 - 0xff000000   ( 240 MB)
Jan  1 00:00:06 mingyuan kernel:    lowmem  : 0xc0000000 - 0xef800000   ( 760 MB)
Jan  1 00:00:06 mingyuan kernel:    pkmap   : 0xbfe00000 - 0xc0000000   (   2 MB)
Jan  1 00:00:06 mingyuan kernel:    modules : 0xbf000000 - 0xbfe00000   (  14 MB)
Jan  1 00:00:06 mingyuan kernel:      .text : 0xc0008000 - 0xc04f1d5c   (5032 kB)
Jan  1 00:00:06 mingyuan kernel:      .init : 0xc04f2000 - 0xc0522040   ( 193 kB)
Jan  1 00:00:06 mingyuan kernel:      .data : 0xc0524000 - 0xc056e000   ( 296 kB)
Jan  1 00:00:06 mingyuan kernel:       .bss : 0xc056e000 - 0xc05a9e00   ( 240 kB)
Jan  1 00:00:06 mingyuan kernel: SLUB: Genslabs=11, HWalign=64, Order=0-3, MinObjects=0, CPUs=2, Nodes=4
Jan  1 00:00:06 mingyuan kernel: Preemptible hierarchical RCU implementation.
Jan  1 00:00:06 mingyuan kernel: NR_IRQS:549
Jan  1 00:00:06 mingyuan kernel: Architected local timer running at 24.00MHz (phys).
Jan  1 00:00:06 mingyuan kernel: Switching to timer-based delay loop
Jan  1 00:00:06 mingyuan kernel: sched_clock: 32 bits at 100 Hz, resolution 10000000ns, wraps every 4294967286ms
Jan  1 00:00:06 mingyuan kernel: Console: colour dummy device 80x30
Jan  1 00:00:06 mingyuan kernel: Calibrating delay loop (skipped), value calculated using timer frequency.. 48.00 BogoMIPS (lpj=240000)
Jan  1 00:00:06 mingyuan kernel: pid_max: default: 32768 minimum: 301
Jan  1 00:00:06 mingyuan kernel: Mount-cache hash table entries: 512
Jan  1 00:00:06 mingyuan kernel: CPU: Testing write buffer coherency: ok
Jan  1 00:00:06 mingyuan kernel: CPU0: thread -1, cpu 0, socket 0, mpidr 80000000
Jan  1 00:00:06 mingyuan kernel: Setting up static identity map for 0xc03bd4d8 - 0xc03bd530
Jan  1 00:00:06 mingyuan kernel: Setting up static HYP identity map for 0xc03bd530 - 0xc03bd600
Jan  1 00:00:06 mingyuan kernel: CPU1: Booted secondary processor
Jan  1 00:00:06 mingyuan kernel: CPU1: thread -1, cpu 1, socket 0, mpidr 80000001
Jan  1 00:00:06 mingyuan kernel: NUMA: Adding CPU 1 to node 0
Jan  1 00:00:06 mingyuan kernel: Brought up 2 CPUs
Jan  1 00:00:06 mingyuan kernel: SMP: Total of 2 processors activated (96.00 BogoMIPS).
Jan  1 00:00:06 mingyuan kernel: CPU: All CPU(s) started in HYP mode.
Jan  1 00:00:06 mingyuan kernel: CPU: Virtualization extensions available.
Jan  1 00:00:06 mingyuan kernel: pinctrl core: initialized pinctrl subsystem
Jan  1 00:00:06 mingyuan kernel: regulator-dummy: no parameters
Jan  1 00:00:06 mingyuan kernel: NET: Registered protocol family 16
Jan  1 00:00:06 mingyuan kernel: DMA: preallocated 256 KiB pool for atomic coherent allocations
Jan  1 00:00:06 mingyuan kernel: hw-breakpoint: found 5 (+1 reserved) breakpoint and 4 watchpoint registers.
Jan  1 00:00:06 mingyuan kernel: hw-breakpoint: maximum watchpoint size is 8 bytes.
Jan  1 00:00:06 mingyuan kernel: S3C Power Management, Copyright 2004 Simtec Electronics
Jan  1 00:00:06 mingyuan kernel: EXYNOS5250 PMU Initialize
Jan  1 00:00:06 mingyuan kernel: EXYNOS: Initializing architecture
Jan  1 00:00:06 mingyuan kernel: bio: create slab <bio-0> at 0
Jan  1 00:00:06 mingyuan kernel: SCSI subsystem initialized
Jan  1 00:00:06 mingyuan kernel: libata version 3.00 loaded.
Jan  1 00:00:06 mingyuan kernel: usbcore: registered new interface driver usbfs
Jan  1 00:00:06 mingyuan kernel: usbcore: registered new interface driver hub
Jan  1 00:00:06 mingyuan kernel: usbcore: registered new device driver usb
Jan  1 00:00:06 mingyuan kernel: s3c-i2c s3c2440-i2c.0: slave address 0x66
Jan  1 00:00:06 mingyuan kernel: s3c-i2c s3c2440-i2c.0: bus frequency set to 18 KHz
Jan  1 00:00:06 mingyuan kernel: sec_pmic 0-0066: No interrupt specified, no interrupts
Jan  1 00:00:06 mingyuan kernel: VDD_ALIVE_1.0V: 1100 mV 
Jan  1 00:00:06 mingyuan kernel: VDD_28IO_DP_1.35V: 1200 mV 
Jan  1 00:00:06 mingyuan kernel: VDD_COMMON1_1.8V: 1800 mV 
Jan  1 00:00:06 mingyuan kernel: VDD_IOPERI_1.8V: 1800 mV 
Jan  1 00:00:06 mingyuan kernel: VDD_EXT_1.8V: 1800 mV 
Jan  1 00:00:06 mingyuan kernel: VDD_MPLL_1.1V: 1100 mV 
Jan  1 00:00:06 mingyuan kernel: VDD_XPLL_1.1V: 1100 mV 
Jan  1 00:00:06 mingyuan kernel: VDD_COMMON2_1.0V: 1000 mV 
Jan  1 00:00:06 mingyuan kernel: VDD_33ON_3.0V: 3000 mV 
Jan  1 00:00:06 mingyuan kernel: VDD_COMMON3_1.8V: 1800 mV 
Jan  1 00:00:06 mingyuan kernel: VDD_ABB2_1.8V: 1800 mV 
Jan  1 00:00:06 mingyuan kernel: VDD_USB_3.0V: 3000 mV 
Jan  1 00:00:06 mingyuan kernel: VDDQ_C2C_W_1.8V: 1800 mV 
Jan  1 00:00:06 mingyuan kernel: VDD18_ABB0/3_1.8V: 1800 mV 
Jan  1 00:00:06 mingyuan kernel: VDD10_COMMON4_1.0V: 1000 mV 
Jan  1 00:00:06 mingyuan kernel: VDD18_HSIC_1.8V: 1800 mV 
Jan  1 00:00:06 mingyuan kernel: VDDQ_MMC2/3_2.8V: 2800 mV 
Jan  1 00:00:06 mingyuan kernel: VDD_33ON_2.8V: 2800 mV 
Jan  1 00:00:06 mingyuan kernel: vdd_mif: 950 <--> 1200 mV at 1000 mV 
Jan  1 00:00:06 mingyuan kernel: vdd_arm: 925 <--> 1300 mV at 1100 mV 
Jan  1 00:00:06 mingyuan kernel: vdd_int: 900 <--> 1200 mV at 1000 mV 
Jan  1 00:00:06 mingyuan kernel: VDD_G3D_1.0V: 1000 mV 
Jan  1 00:00:06 mingyuan kernel: VDD_MEM_1.35V: 750 <--> 1350 mV at 1200 mV 
Jan  1 00:00:06 mingyuan kernel: s3c-i2c s3c2440-i2c.0: i2c-0: S3C I2C adapter
Jan  1 00:00:06 mingyuan kernel: s3c-i2c exynos5-sata-phy-i2c: slave address 0x38
Jan  1 00:00:06 mingyuan kernel: s3c-i2c exynos5-sata-phy-i2c: bus frequency set to 39 KHz
Jan  1 00:00:06 mingyuan kernel: s3c-i2c exynos5-sata-phy-i2c: i2c-1: S3C I2C adapter
Jan  1 00:00:06 mingyuan kernel: Switching to clocksource mct-frc
Jan  1 00:00:06 mingyuan kernel: NET: Registered protocol family 2
Jan  1 00:00:06 mingyuan kernel: TCP established hash table entries: 8192 (order: 4, 65536 bytes)
Jan  1 00:00:06 mingyuan kernel: TCP bind hash table entries: 8192 (order: 5, 163840 bytes)
Jan  1 00:00:06 mingyuan kernel: TCP: Hash tables configured (established 8192 bind 8192)
Jan  1 00:00:06 mingyuan kernel: TCP: reno registered
Jan  1 00:00:06 mingyuan kernel: UDP hash table entries: 512 (order: 2, 24576 bytes)
Jan  1 00:00:06 mingyuan kernel: UDP-Lite hash table entries: 512 (order: 2, 24576 bytes)
Jan  1 00:00:06 mingyuan kernel: NET: Registered protocol family 1
Jan  1 00:00:06 mingyuan kernel: kvm [1]: interrupt-controller@10484000 IRQ25
Jan  1 00:00:06 mingyuan kernel: kvm [1]: timer IRQ27
Jan  1 00:00:06 mingyuan kernel: kvm [1]: Hyp mode initialized successfully
Jan  1 00:00:06 mingyuan kernel: hw perfevents: enabled with ARMv7_Cortex_A15 PMU driver, 7 counters available
Jan  1 00:00:06 mingyuan kernel: bounce pool size: 64 pages
Jan  1 00:00:06 mingyuan kernel: HugeTLB registered 2 MB page size, pre-allocated 0 pages
Jan  1 00:00:06 mingyuan kernel: ROMFS MTD (C) 2007 Red Hat, Inc.
Jan  1 00:00:06 mingyuan kernel: msgmni has been set to 1474
Jan  1 00:00:06 mingyuan kernel: io scheduler noop registered
Jan  1 00:00:06 mingyuan kernel: io scheduler deadline registered
Jan  1 00:00:06 mingyuan kernel: io scheduler cfq registered (default)
Jan  1 00:00:06 mingyuan kernel: dma-pl330 dma-pl330.0: Loaded driver for PL330 DMAC-2364208
Jan  1 00:00:06 mingyuan kernel: dma-pl330 dma-pl330.0: 	DBUFF-32x4bytes Num_Chans-8 Num_Peri-32 Num_Events-32
Jan  1 00:00:06 mingyuan kernel: dma-pl330 dma-pl330.1: Loaded driver for PL330 DMAC-2364208
Jan  1 00:00:06 mingyuan kernel: dma-pl330 dma-pl330.1: 	DBUFF-32x4bytes Num_Chans-8 Num_Peri-32 Num_Events-32
Jan  1 00:00:06 mingyuan kernel: dma-pl330 dma-pl330.2: Loaded driver for PL330 DMAC-2364208
Jan  1 00:00:06 mingyuan kernel: dma-pl330 dma-pl330.2: 	DBUFF-64x8bytes Num_Chans-8 Num_Peri-1 Num_Events-32
Jan  1 00:00:06 mingyuan kernel: Serial: 8250/16550 driver, 4 ports, IRQ sharing disabled
Jan  1 00:00:06 mingyuan kernel: exynos4210-uart.0: ttySAC0 at MMIO 0x12c00000 (irq = 83) is a S3C6400/10
Jan  1 00:00:06 mingyuan kernel: exynos4210-uart.1: ttySAC1 at MMIO 0x12c10000 (irq = 84) is a S3C6400/10
Jan  1 00:00:06 mingyuan kernel: exynos4210-uart.2: ttySAC2 at MMIO 0x12c20000 (irq = 85) is a S3C6400/10
Jan  1 00:00:06 mingyuan kernel: console [ttySAC2] enabled
Jan  1 00:00:06 mingyuan kernel: exynos4210-uart.3: ttySAC3 at MMIO 0x12c30000 (irq = 86) is a S3C6400/10
Jan  1 00:00:06 mingyuan kernel: brd: module loaded
Jan  1 00:00:06 mingyuan kernel: loop: module loaded
Jan  1 00:00:06 mingyuan kernel: ahci-sata exynos5-sata: failed to get sata phy
Jan  1 00:00:06 mingyuan kernel: platform exynos5-sata: Driver ahci-sata requests probe deferral
Jan  1 00:00:06 mingyuan kernel: Synopsys Designware Multimedia Card Interface Driver
Jan  1 00:00:06 mingyuan kernel: dwmmc_exynos dw_mmc.0: Using internal DMA controller.
Jan  1 00:00:06 mingyuan kernel: dwmmc_exynos dw_mmc.0: DW MMC controller at irq 107, 32 bit host data width, 128 deep fifo
Jan  1 00:00:06 mingyuan kernel: dwmmc_exynos dw_mmc.0: wp gpio not available
Jan  1 00:00:06 mingyuan kernel: mmc0: no vmmc regulator found
Jan  1 00:00:06 mingyuan kernel: mmc_host mmc0: Bus speed (slot 0) = 100000000Hz (slot req 400000Hz, actual 400000HZ div = 125)
Jan  1 00:00:06 mingyuan kernel: dwmmc_exynos dw_mmc.0: 1 slots initialized
Jan  1 00:00:06 mingyuan kernel: dwmmc_exynos dw_mmc.0: Version ID is 241a
Jan  1 00:00:06 mingyuan kernel: dwmmc_exynos dw_mmc.2: Using internal DMA controller.
Jan  1 00:00:06 mingyuan kernel: dwmmc_exynos dw_mmc.2: DW MMC controller at irq 109, 32 bit host data width, 128 deep fifo
Jan  1 00:00:06 mingyuan kernel: dwmmc_exynos dw_mmc.2: wp gpio not available
Jan  1 00:00:06 mingyuan kernel: mmc1: no vmmc regulator found
Jan  1 00:00:06 mingyuan kernel: mmc_host mmc0: Bus speed (slot 0) = 100000000Hz (slot req 300000Hz, actual 299401HZ div = 167)
Jan  1 00:00:06 mingyuan kernel: mmc_host mmc1: Bus speed (slot 0) = 100000000Hz (slot req 400000Hz, actual 400000HZ div = 125)
Jan  1 00:00:06 mingyuan kernel: dwmmc_exynos dw_mmc.2: 1 slots initialized
Jan  1 00:00:06 mingyuan kernel: dwmmc_exynos dw_mmc.2: Version ID is 241a
Jan  1 00:00:06 mingyuan kernel: tun: Universal TUN/TAP device driver, 1.6
Jan  1 00:00:06 mingyuan kernel: tun: (C) 1999-2004 Max Krasnyansky <maxk@qualcomm.com>
Jan  1 00:00:06 mingyuan kernel: usbcore: registered new interface driver asix
Jan  1 00:00:06 mingyuan kernel: usbcore: registered new interface driver cdc_ether
Jan  1 00:00:06 mingyuan kernel: usbcore: registered new interface driver net1080
Jan  1 00:00:06 mingyuan kernel: usbcore: registered new interface driver cdc_subset
Jan  1 00:00:06 mingyuan kernel: usbcore: registered new interface driver zaurus
Jan  1 00:00:06 mingyuan kernel: usbcore: registered new interface driver cdc_ncm
Jan  1 00:00:06 mingyuan kernel: mmc0: BKOPS_EN bit is not set
Jan  1 00:00:06 mingyuan kernel: mmc_host mmc0: Bus speed (slot 0) = 100000000Hz (slot req 52000000Hz, actual 50000000HZ div = 1)
Jan  1 00:00:06 mingyuan kernel: mmc0: new high speed DDR MMC card at address 0001
Jan  1 00:00:06 mingyuan kernel: mmcblk0: mmc0:0001 M4G1FA 3.72 GiB 
Jan  1 00:00:06 mingyuan kernel: mmcblk0boot0: mmc0:0001 M4G1FA partition 1 1.00 MiB
Jan  1 00:00:06 mingyuan kernel: mmcblk0boot1: mmc0:0001 M4G1FA partition 2 1.00 MiB
Jan  1 00:00:06 mingyuan kernel: mmcblk0rpmb: mmc0:0001 M4G1FA partition 3 128 KiB
Jan  1 00:00:06 mingyuan kernel: mmcblk0: p1 p2 p3 p4
Jan  1 00:00:06 mingyuan kernel: mmcblk0boot1: unknown partition table
Jan  1 00:00:06 mingyuan kernel: mmcblk0boot0: unknown partition table
Jan  1 00:00:06 mingyuan kernel: mmc_host mmc1: Bus speed (slot 0) = 100000000Hz (slot req 50000000Hz, actual 50000000HZ div = 1)
Jan  1 00:00:06 mingyuan kernel: mmc1: new high speed SDHC card at address e624
Jan  1 00:00:06 mingyuan kernel: mmcblk1: mmc1:e624 SU16G 14.8 GiB 
Jan  1 00:00:06 mingyuan kernel: mmcblk1: p1 p2
Jan  1 00:00:06 mingyuan kernel: ehci_hcd: USB 2.0 'Enhanced' Host Controller (EHCI) Driver
Jan  1 00:00:06 mingyuan kernel: exynos5250-usbphy s3c-usbphy: Already power on PHY
Jan  1 00:00:06 mingyuan kernel: s5p-ehci s5p-ehci: S5P EHCI Host Controller
Jan  1 00:00:06 mingyuan kernel: s5p-ehci s5p-ehci: new USB bus registered, assigned bus number 1
Jan  1 00:00:06 mingyuan kernel: s5p-ehci s5p-ehci: irq 103, io mem 0x12110000
Jan  1 00:00:06 mingyuan kernel: s5p-ehci s5p-ehci: USB 2.0 started, EHCI 1.00
Jan  1 00:00:06 mingyuan kernel: usb usb1: Product: S5P EHCI Host Controller
Jan  1 00:00:06 mingyuan kernel: usb usb1: Manufacturer: Linux 3.8.0-rc4 ehci_hcd
Jan  1 00:00:06 mingyuan kernel: usb usb1: SerialNumber: s5p-ehci
Jan  1 00:00:06 mingyuan kernel: ohci_hcd: USB 1.1 'Open' Host Controller (OHCI) Driver
Jan  1 00:00:06 mingyuan kernel: exynos5250-usbphy s3c-usbphy: Already power on PHY
Jan  1 00:00:06 mingyuan kernel: exynos-ohci exynos-ohci: EXYNOS OHCI Host Controller
Jan  1 00:00:06 mingyuan kernel: exynos-ohci exynos-ohci: new USB bus registered, assigned bus number 2
Jan  1 00:00:06 mingyuan kernel: exynos-ohci exynos-ohci: irq 103, io mem 0x12120000
Jan  1 00:00:06 mingyuan kernel: usb usb2: Product: EXYNOS OHCI Host Controller
Jan  1 00:00:06 mingyuan kernel: usb usb2: Manufacturer: Linux 3.8.0-rc4 ohci_hcd
Jan  1 00:00:06 mingyuan kernel: usb usb2: SerialNumber: exynos-ohci
Jan  1 00:00:06 mingyuan kernel: xhci-hcd xhci-hcd: xHCI Host Controller
Jan  1 00:00:06 mingyuan kernel: xhci-hcd xhci-hcd: new USB bus registered, assigned bus number 3
Jan  1 00:00:06 mingyuan kernel: xhci-hcd xhci-hcd: irq 104, io mem 0x12000000
Jan  1 00:00:06 mingyuan kernel: usb usb3: Product: xHCI Host Controller
Jan  1 00:00:06 mingyuan kernel: usb usb3: Manufacturer: Linux 3.8.0-rc4 xhci-hcd
Jan  1 00:00:06 mingyuan kernel: usb usb3: SerialNumber: xhci-hcd
Jan  1 00:00:06 mingyuan kernel: xHCI xhci_add_endpoint called for root hub
Jan  1 00:00:06 mingyuan kernel: xHCI xhci_check_bandwidth called for root hub
Jan  1 00:00:06 mingyuan kernel: xhci-hcd xhci-hcd: xHCI Host Controller
Jan  1 00:00:06 mingyuan kernel: xhci-hcd xhci-hcd: new USB bus registered, assigned bus number 4
Jan  1 00:00:06 mingyuan kernel: usb usb4: Product: xHCI Host Controller
Jan  1 00:00:06 mingyuan kernel: usb usb4: Manufacturer: Linux 3.8.0-rc4 xhci-hcd
Jan  1 00:00:06 mingyuan kernel: usb usb4: SerialNumber: xhci-hcd
Jan  1 00:00:06 mingyuan kernel: xHCI xhci_add_endpoint called for root hub
Jan  1 00:00:06 mingyuan kernel: xHCI xhci_check_bandwidth called for root hub
Jan  1 00:00:06 mingyuan kernel: Initializing USB Mass Storage driver...
Jan  1 00:00:06 mingyuan kernel: usbcore: registered new interface driver usb-storage
Jan  1 00:00:06 mingyuan kernel: USB Mass Storage support registered.
Jan  1 00:00:06 mingyuan kernel: mousedev: PS/2 mouse device common for all mice
Jan  1 00:00:06 mingyuan kernel: Exynos: Kernel Thermal management registered
Jan  1 00:00:06 mingyuan kernel: cpuidle: using governor ladder
Jan  1 00:00:06 mingyuan kernel: cpuidle: using governor menu
Jan  1 00:00:06 mingyuan kernel: usbcore: registered new interface driver usbhid
Jan  1 00:00:06 mingyuan kernel: usbhid: USB HID core driver
Jan  1 00:00:06 mingyuan kernel: TCP: cubic registered
Jan  1 00:00:06 mingyuan kernel: NET: Registered protocol family 10
Jan  1 00:00:06 mingyuan kernel: NET: Registered protocol family 17
Jan  1 00:00:06 mingyuan kernel: VFP support v0.3: implementor 41 architecture 4 part 30 variant f rev 0
Jan  1 00:00:06 mingyuan kernel: Registering SWP/SWPB emulation handler
Jan  1 00:00:06 mingyuan kernel: ahci-sata exynos5-sata: forcing PORTS_IMPL to 0x1
Jan  1 00:00:06 mingyuan kernel: ahci-sata exynos5-sata: AHCI 0001.0300 32 slots 1 ports 6 Gbps 0x1 impl platform mode
Jan  1 00:00:06 mingyuan kernel: ahci-sata exynos5-sata: flags: ncq sntf pm led clo only pmp pio slum part ccc apst 
Jan  1 00:00:06 mingyuan kernel: scsi0 : ahci_platform
Jan  1 00:00:06 mingyuan kernel: ata1: SATA max UDMA/133 mmio [mem 0x122f0000-0x122f01fe] port 0x100 irq 147
Jan  1 00:00:06 mingyuan kernel: ata1: SATA link down (SStatus 0 SControl 300)
Jan  1 00:00:06 mingyuan kernel: EXT3-fs (mmcblk1p2): error: couldn't mount because of unsupported optional features (240)
Jan  1 00:00:06 mingyuan kernel: EXT2-fs (mmcblk1p2): error: couldn't mount because of unsupported optional features (240)
Jan  1 00:00:06 mingyuan kernel: EXT4-fs (mmcblk1p2): mounted filesystem with ordered data mode. Opts: (null)
Jan  1 00:00:06 mingyuan kernel: VFS: Mounted root (ext4 filesystem) on device 179:34.
Jan  1 00:00:06 mingyuan kernel: Freeing init memory: 192K
Jan  1 00:00:06 mingyuan kernel: usb 1-3.2: Product: USB2.0 Hub
Jan  1 00:00:06 mingyuan kernel: usb 1-3.2.2: Product: USB 2.0 Hub [MTT]
Jan  1 00:00:06 mingyuan kernel: usb 1-3.2.4: Product: AX88772 
Jan  1 00:00:06 mingyuan kernel: usb 1-3.2.4: Manufacturer: ASIX Elec. Corp.
Jan  1 00:00:06 mingyuan kernel: usb 1-3.2.4: SerialNumber: 000001
Jan  1 00:00:06 mingyuan kernel: asix 1-3.2.4:1.0 (unregistered net_device): invalid hw address, using random
Jan  1 00:00:06 mingyuan kernel: asix 1-3.2.4:1.0 eth0: register 'asix' at usb-s5p-ehci-3.2.4, ASIX AX88772 USB 2.0 Ethernet, 52:6f:06:ec:a2:fb
Jan  1 00:00:06 mingyuan kernel: usb 1-3.2.2.3: Product: USB Keyboard
Jan  1 00:00:06 mingyuan kernel: usb 1-3.2.2.3: Manufacturer: Logitech
Jan  1 00:00:06 mingyuan kernel: input: Logitech USB Keyboard as /devices/s5p-ehci/usb1/1-3/1-3.2/1-3.2.2/1-3.2.2.3/1-3.2.2.3:1.0/input/input0
Jan  1 00:00:06 mingyuan kernel: hid-generic 0003:046D:C31C.0001: input: USB HID v1.10 Keyboard [Logitech USB Keyboard] on usb-s5p-ehci-3.2.2.3/input0
Jan  1 00:00:06 mingyuan kernel: input: Logitech USB Keyboard as /devices/s5p-ehci/usb1/1-3/1-3.2/1-3.2.2/1-3.2.2.3/1-3.2.2.3:1.1/input/input1
Jan  1 00:00:06 mingyuan kernel: hid-generic 0003:046D:C31C.0002: input: USB HID v1.10 Device [Logitech USB Keyboard] on usb-s5p-ehci-3.2.2.3/input1
Jan  1 00:00:06 mingyuan kernel: usb 1-3.2.2.4: Product: USB Optical Mouse
Jan  1 00:00:06 mingyuan kernel: input: USB Optical Mouse as /devices/s5p-ehci/usb1/1-3/1-3.2/1-3.2.2/1-3.2.2.4/1-3.2.2.4:1.0/input/input2
Jan  1 00:00:06 mingyuan kernel: hid-generic 0003:0461:4D81.0003: input: USB HID v1.11 Mouse [USB Optical Mouse] on usb-s5p-ehci-3.2.2.4/input0
Jan  1 00:00:08 mingyuan kernel: IPv6: ADDRCONF(NETDEV_UP): eth0: link is not ready
Jan  1 00:00:08 mingyuan kernel: IPv6: ADDRCONF(NETDEV_CHANGE): eth0: link becomes ready
Jan  1 00:00:08 mingyuan kernel: asix 1-3.2.4:1.0 eth0: link down
Jan  1 00:00:10 mingyuan kernel: asix 1-3.2.4:1.0 eth0: link up, 100Mbps, full-duplex, lpa 0xCDE1
Jun  2 09:24:54 mingyuan kernel: device eth0 entered promiscuous mode
Jun  2 09:24:54 mingyuan kernel: device tap0 entered promiscuous mode
Jun  2 09:24:54 mingyuan kernel: br0: port 2(tap0) entered forwarding state
Jun  2 09:24:54 mingyuan kernel: br0: port 2(tap0) entered forwarding state
Jun  2 09:24:54 mingyuan kernel: br0: port 1(eth0) entered forwarding state
Jun  2 09:24:54 mingyuan kernel: br0: port 1(eth0) entered forwarding state
Jun  2 09:25:09 mingyuan kernel: br0: port 2(tap0) entered forwarding state
Jun  2 09:25:09 mingyuan kernel: br0: port 1(eth0) entered forwarding state
Jan  1 00:00:08 mingyuan kernel: imklog 5.8.11, log source = /proc/kmsg started.
Jan  1 00:00:08 mingyuan kernel: Booting Linux on physical CPU 0x0
Jan  1 00:00:08 mingyuan kernel: Initializing cgroup subsys cpuset
Jan  1 00:00:08 mingyuan kernel: Initializing cgroup subsys cpu
Jan  1 00:00:08 mingyuan kernel: Linux version 3.8.0-rc4 (mingyuan@mingyuan) (gcc version 4.7.3 20130328 (prerelease) (crosstool-NG linaro-1.13.1-4.7-2013.04-20130415 - Linaro GCC 2013.04) ) #3 SMP PREEMPT Mon Jun 3 14:19:53 KST 2013
Jan  1 00:00:08 mingyuan kernel: Kernel was built at commit id ''
Jan  1 00:00:08 mingyuan kernel: CPU: ARMv7 Processor [410fc0f4] revision 4 (ARMv7), cr=30c7387d
Jan  1 00:00:08 mingyuan kernel: CPU: PIPT / VIPT nonaliasing data cache, PIPT instruction cache
Jan  1 00:00:08 mingyuan kernel: Machine: SAMSUNG EXYNOS5 (Flattened Device Tree), model: SAMSUNG ARNDALE board based on EXYNOS5250
Jan  1 00:00:08 mingyuan kernel: NR_BANKS too low, ignoring high memory
Jan  1 00:00:08 mingyuan kernel: Memory policy: ECC disabled, Data cache writealloc
Jan  1 00:00:08 mingyuan kernel: CPU EXYNOS5250 (id 0x43520020)
Jan  1 00:00:08 mingyuan kernel: exynos5_init_clocks: initializing clocks
Jan  1 00:00:08 mingyuan kernel: S3C24XX Clocks, Copyright 2004 Simtec Electronics
Jan  1 00:00:08 mingyuan kernel: exynos5_setup_clocks: registering clocks
Jan  1 00:00:08 mingyuan kernel: exynos5_setup_clocks: xtal is 24000000
Jan  1 00:00:08 mingyuan kernel: EXYNOS5: PLL settings, A=1000000000, B=800000000, C=333000000
Jan  1 00:00:08 mingyuan kernel: M=1600000000, E=96000000 V=300000000
Jan  1 00:00:08 mingyuan kernel: EXYNOS5: ARMCLK=1000000000, CDREX=800000000, ACLK400=800000000
Jan  1 00:00:08 mingyuan kernel: ACLK333=333000000, ACLK266=266666666, ACLK200=200000000
Jan  1 00:00:08 mingyuan kernel: ACLK166=166500000, ACLK66=66666666
Jan  1 00:00:08 mingyuan kernel: aclk_266_gscl: source is aclk_266 (1), rate is 266666666
Jan  1 00:00:08 mingyuan kernel: sclk_g3d: source is mout_mpll_user (0), rate is 800000000
Jan  1 00:00:08 mingyuan kernel: sclk_sata: source is mout_mpll_user (0), rate is 66666666
Jan  1 00:00:08 mingyuan kernel: sclk_gscl_wrap: source is ext_xtal (0), rate is 24000000
Jan  1 00:00:08 mingyuan kernel: sclk_gscl_wrap: source is ext_xtal (0), rate is 24000000
Jan  1 00:00:08 mingyuan kernel: sclk_cam0: source is ext_xtal (0), rate is 24000000
Jan  1 00:00:08 mingyuan kernel: sclk_cam1: source is ext_xtal (0), rate is 24000000
Jan  1 00:00:08 mingyuan kernel: sclk_usbdrd30: source is mout_mpll (0), rate is 66666666
Jan  1 00:00:08 mingyuan kernel: NUMA: Adding CPU 0 to node 0
Jan  1 00:00:08 mingyuan kernel: Zone ranges:
Jan  1 00:00:08 mingyuan kernel:  Normal   [mem 0x40000000-0x6f7fffff]
Jan  1 00:00:08 mingyuan kernel:  HighMem  [mem 0x6f800000-0xbfffffff]
Jan  1 00:00:08 mingyuan kernel: Movable zone start for each node
Jan  1 00:00:08 mingyuan kernel: Early memory node ranges
Jan  1 00:00:08 mingyuan kernel:  node   0: [mem 0x40000000-0x6f7fffff]
Jan  1 00:00:08 mingyuan kernel:  node   0: [mem 0x70000000-0xbfffffff]
Jan  1 00:00:08 mingyuan kernel: On node 0 totalpages: 522240
Jan  1 00:00:08 mingyuan kernel:  Normal zone: 1520 pages used for memmap
Jan  1 00:00:08 mingyuan kernel:  Normal zone: 0 pages reserved
Jan  1 00:00:08 mingyuan kernel:  Normal zone: 193040 pages, LIFO batch:31
Jan  1 00:00:08 mingyuan kernel:  HighMem zone: 2576 pages used for memmap
Jan  1 00:00:08 mingyuan kernel:  HighMem zone: 325104 pages, LIFO batch:31
Jan  1 00:00:08 mingyuan kernel: PERCPU: Embedded 8 pages/cpu @c15f3000 s8512 r8192 d16064 u32768
Jan  1 00:00:08 mingyuan kernel: pcpu-alloc: s8512 r8192 d16064 u32768 alloc=8*4096
Jan  1 00:00:08 mingyuan kernel: pcpu-alloc: [0] 0 [0] 1 
Jan  1 00:00:08 mingyuan kernel: Built 1 zonelists in Node order, mobility grouping on.  Total pages: 518144
Jan  1 00:00:08 mingyuan kernel: Policy zone: HighMem
Jan  1 00:00:08 mingyuan kernel: Kernel command line: console=ttySAC2,115200n8 root=/dev/mmcblk1p2 rw rootwait mac=02:35:4d:89:cd:33
Jan  1 00:00:08 mingyuan kernel: PID hash table entries: 4096 (order: 2, 16384 bytes)
Jan  1 00:00:08 mingyuan kernel: Dentry cache hash table entries: 131072 (order: 7, 524288 bytes)
Jan  1 00:00:08 mingyuan kernel: Inode-cache hash table entries: 65536 (order: 6, 262144 bytes)
Jan  1 00:00:08 mingyuan kernel: __ex_table already sorted, skipping sort
Jan  1 00:00:08 mingyuan kernel: Memory: 760MB 1280MB = 2040MB total
Jan  1 00:00:08 mingyuan kernel: Memory: 2065628k/2065628k available, 23332k reserved, 1310720K highmem
Jan  1 00:00:08 mingyuan kernel: Virtual kernel memory layout:
Jan  1 00:00:08 mingyuan kernel:    vector  : 0xffff0000 - 0xffff1000   (   4 kB)
Jan  1 00:00:08 mingyuan kernel:    fixmap  : 0xfff00000 - 0xfffe0000   ( 896 kB)
Jan  1 00:00:08 mingyuan kernel:    vmalloc : 0xf0000000 - 0xff000000   ( 240 MB)
Jan  1 00:00:08 mingyuan kernel:    lowmem  : 0xc0000000 - 0xef800000   ( 760 MB)
Jan  1 00:00:08 mingyuan kernel:    pkmap   : 0xbfe00000 - 0xc0000000   (   2 MB)
Jan  1 00:00:08 mingyuan kernel:    modules : 0xbf000000 - 0xbfe00000   (  14 MB)
Jan  1 00:00:08 mingyuan kernel:      .text : 0xc0008000 - 0xc0518db0   (5188 kB)
Jan  1 00:00:08 mingyuan kernel:      .init : 0xc0519000 - 0xc0549140   ( 193 kB)
Jan  1 00:00:08 mingyuan kernel:      .data : 0xc054a000 - 0xc0597d40   ( 312 kB)
Jan  1 00:00:08 mingyuan kernel:       .bss : 0xc0597d40 - 0xc05d7880   ( 255 kB)
Jan  1 00:00:08 mingyuan kernel: SLUB: Genslabs=11, HWalign=64, Order=0-3, MinObjects=0, CPUs=2, Nodes=4
Jan  1 00:00:08 mingyuan kernel: Preemptible hierarchical RCU implementation.
Jan  1 00:00:08 mingyuan kernel: NR_IRQS:549
Jan  1 00:00:08 mingyuan kernel: Architected local timer running at 24.00MHz (phys).
Jan  1 00:00:08 mingyuan kernel: Switching to timer-based delay loop
Jan  1 00:00:08 mingyuan kernel: sched_clock: 32 bits at 100 Hz, resolution 10000000ns, wraps every 4294967286ms
Jan  1 00:00:08 mingyuan kernel: Console: colour dummy device 80x30
Jan  1 00:00:08 mingyuan kernel: allocated 4194304 bytes of page_cgroup
Jan  1 00:00:08 mingyuan kernel: please try 'cgroup_disable=memory' option if you don't want memory cgroups
Jan  1 00:00:08 mingyuan kernel: Calibrating delay loop (skipped), value calculated using timer frequency.. 48.00 BogoMIPS (lpj=240000)
Jan  1 00:00:08 mingyuan kernel: pid_max: default: 32768 minimum: 301
Jan  1 00:00:08 mingyuan kernel: Mount-cache hash table entries: 512
Jan  1 00:00:08 mingyuan kernel: Initializing cgroup subsys debug
Jan  1 00:00:08 mingyuan kernel: Initializing cgroup subsys cpuacct
Jan  1 00:00:08 mingyuan kernel: Initializing cgroup subsys memory
Jan  1 00:00:08 mingyuan kernel: Initializing cgroup subsys devices
Jan  1 00:00:08 mingyuan kernel: Initializing cgroup subsys freezer
Jan  1 00:00:08 mingyuan kernel: Initializing cgroup subsys blkio
Jan  1 00:00:08 mingyuan kernel: Initializing cgroup subsys perf_event
Jan  1 00:00:08 mingyuan kernel: Initializing cgroup subsys hugetlb
Jan  1 00:00:08 mingyuan kernel: CPU: Testing write buffer coherency: ok
Jan  1 00:00:08 mingyuan kernel: CPU0: thread -1, cpu 0, socket 0, mpidr 80000000
Jan  1 00:00:08 mingyuan kernel: Setting up static identity map for 0xc03db910 - 0xc03db968
Jan  1 00:00:08 mingyuan kernel: Setting up static HYP identity map for 0xc03db968 - 0xc03dba40
Jan  1 00:00:08 mingyuan kernel: CPU1: Booted secondary processor
Jan  1 00:00:08 mingyuan kernel: CPU1: thread -1, cpu 1, socket 0, mpidr 80000001
Jan  1 00:00:08 mingyuan kernel: NUMA: Adding CPU 1 to node 0
Jan  1 00:00:08 mingyuan kernel: Brought up 2 CPUs
Jan  1 00:00:08 mingyuan kernel: SMP: Total of 2 processors activated (96.00 BogoMIPS).
Jan  1 00:00:08 mingyuan kernel: CPU: All CPU(s) started in HYP mode.
Jan  1 00:00:08 mingyuan kernel: CPU: Virtualization extensions available.
Jan  1 00:00:08 mingyuan kernel: pinctrl core: initialized pinctrl subsystem
Jan  1 00:00:08 mingyuan kernel: regulator-dummy: no parameters
Jan  1 00:00:08 mingyuan kernel: NET: Registered protocol family 16
Jan  1 00:00:08 mingyuan kernel: DMA: preallocated 256 KiB pool for atomic coherent allocations
Jan  1 00:00:08 mingyuan kernel: hw-breakpoint: found 5 (+1 reserved) breakpoint and 4 watchpoint registers.
Jan  1 00:00:08 mingyuan kernel: hw-breakpoint: maximum watchpoint size is 8 bytes.
Jan  1 00:00:08 mingyuan kernel: S3C Power Management, Copyright 2004 Simtec Electronics
Jan  1 00:00:08 mingyuan kernel: EXYNOS5250 PMU Initialize
Jan  1 00:00:08 mingyuan kernel: EXYNOS: Initializing architecture
Jan  1 00:00:08 mingyuan kernel: bio: create slab <bio-0> at 0
Jan  1 00:00:08 mingyuan kernel: SCSI subsystem initialized
Jan  1 00:00:08 mingyuan kernel: libata version 3.00 loaded.
Jan  1 00:00:08 mingyuan kernel: usbcore: registered new interface driver usbfs
Jan  1 00:00:08 mingyuan kernel: usbcore: registered new interface driver hub
Jan  1 00:00:08 mingyuan kernel: usbcore: registered new device driver usb
Jan  1 00:00:08 mingyuan kernel: s3c-i2c s3c2440-i2c.0: slave address 0x66
Jan  1 00:00:08 mingyuan kernel: s3c-i2c s3c2440-i2c.0: bus frequency set to 18 KHz
Jan  1 00:00:08 mingyuan kernel: sec_pmic 0-0066: No interrupt specified, no interrupts
Jan  1 00:00:08 mingyuan kernel: VDD_ALIVE_1.0V: 1100 mV 
Jan  1 00:00:08 mingyuan kernel: VDD_28IO_DP_1.35V: 1200 mV 
Jan  1 00:00:08 mingyuan kernel: VDD_COMMON1_1.8V: 1800 mV 
Jan  1 00:00:08 mingyuan kernel: VDD_IOPERI_1.8V: 1800 mV 
Jan  1 00:00:08 mingyuan kernel: VDD_EXT_1.8V: 1800 mV 
Jan  1 00:00:08 mingyuan kernel: VDD_MPLL_1.1V: 1100 mV 
Jan  1 00:00:08 mingyuan kernel: VDD_XPLL_1.1V: 1100 mV 
Jan  1 00:00:08 mingyuan kernel: VDD_COMMON2_1.0V: 1000 mV 
Jan  1 00:00:08 mingyuan kernel: VDD_33ON_3.0V: 3000 mV 
Jan  1 00:00:08 mingyuan kernel: VDD_COMMON3_1.8V: 1800 mV 
Jan  1 00:00:08 mingyuan kernel: VDD_ABB2_1.8V: 1800 mV 
Jan  1 00:00:08 mingyuan kernel: VDD_USB_3.0V: 3000 mV 
Jan  1 00:00:08 mingyuan kernel: VDDQ_C2C_W_1.8V: 1800 mV 
Jan  1 00:00:08 mingyuan kernel: VDD18_ABB0/3_1.8V: 1800 mV 
Jan  1 00:00:08 mingyuan kernel: VDD10_COMMON4_1.0V: 1000 mV 
Jan  1 00:00:08 mingyuan kernel: VDD18_HSIC_1.8V: 1800 mV 
Jan  1 00:00:08 mingyuan kernel: VDDQ_MMC2/3_2.8V: 2800 mV 
Jan  1 00:00:08 mingyuan kernel: VDD_33ON_2.8V: 2800 mV 
Jan  1 00:00:08 mingyuan kernel: vdd_mif: 950 <--> 1200 mV at 1000 mV 
Jan  1 00:00:08 mingyuan kernel: vdd_arm: 925 <--> 1300 mV at 1075 mV 
Jan  1 00:00:08 mingyuan kernel: vdd_int: 900 <--> 1200 mV at 1000 mV 
Jan  1 00:00:08 mingyuan kernel: VDD_G3D_1.0V: 1000 mV 
Jan  1 00:00:08 mingyuan kernel: VDD_MEM_1.35V: 750 <--> 1350 mV at 1200 mV 
Jan  1 00:00:08 mingyuan kernel: s3c-i2c s3c2440-i2c.0: i2c-0: S3C I2C adapter
Jan  1 00:00:08 mingyuan kernel: s3c-i2c exynos5-sata-phy-i2c: slave address 0x38
Jan  1 00:00:08 mingyuan kernel: s3c-i2c exynos5-sata-phy-i2c: bus frequency set to 39 KHz
Jan  1 00:00:08 mingyuan kernel: s3c-i2c exynos5-sata-phy-i2c: i2c-1: S3C I2C adapter
Jan  1 00:00:08 mingyuan kernel: Switching to clocksource mct-frc
Jan  1 00:00:08 mingyuan kernel: NET: Registered protocol family 2
Jan  1 00:00:08 mingyuan kernel: TCP established hash table entries: 8192 (order: 4, 65536 bytes)
Jan  1 00:00:08 mingyuan kernel: TCP bind hash table entries: 8192 (order: 5, 163840 bytes)
Jan  1 00:00:08 mingyuan kernel: TCP: Hash tables configured (established 8192 bind 8192)
Jan  1 00:00:08 mingyuan kernel: TCP: reno registered
Jan  1 00:00:08 mingyuan kernel: UDP hash table entries: 512 (order: 2, 24576 bytes)
Jan  1 00:00:08 mingyuan kernel: UDP-Lite hash table entries: 512 (order: 2, 24576 bytes)
Jan  1 00:00:08 mingyuan kernel: NET: Registered protocol family 1
Jan  1 00:00:08 mingyuan kernel: kvm [1]: interrupt-controller@10484000 IRQ25
Jan  1 00:00:08 mingyuan kernel: kvm [1]: timer IRQ27
Jan  1 00:00:08 mingyuan kernel: kvm [1]: Hyp mode initialized successfully
Jan  1 00:00:08 mingyuan kernel: hw perfevents: enabled with ARMv7_Cortex_A15 PMU driver, 7 counters available
Jan  1 00:00:08 mingyuan kernel: bounce pool size: 64 pages
Jan  1 00:00:08 mingyuan kernel: HugeTLB registered 2 MB page size, pre-allocated 0 pages
Jan  1 00:00:08 mingyuan kernel: ROMFS MTD (C) 2007 Red Hat, Inc.
Jan  1 00:00:08 mingyuan kernel: msgmni has been set to 1474
Jan  1 00:00:08 mingyuan kernel: io scheduler noop registered
Jan  1 00:00:08 mingyuan kernel: io scheduler deadline registered
Jan  1 00:00:08 mingyuan kernel: io scheduler cfq registered (default)
Jan  1 00:00:08 mingyuan kernel: dma-pl330 dma-pl330.0: Loaded driver for PL330 DMAC-2364208
Jan  1 00:00:08 mingyuan kernel: dma-pl330 dma-pl330.0: 	DBUFF-32x4bytes Num_Chans-8 Num_Peri-32 Num_Events-32
Jan  1 00:00:08 mingyuan kernel: dma-pl330 dma-pl330.1: Loaded driver for PL330 DMAC-2364208
Jan  1 00:00:08 mingyuan kernel: dma-pl330 dma-pl330.1: 	DBUFF-32x4bytes Num_Chans-8 Num_Peri-32 Num_Events-32
Jan  1 00:00:08 mingyuan kernel: dma-pl330 dma-pl330.2: Loaded driver for PL330 DMAC-2364208
Jan  1 00:00:08 mingyuan kernel: dma-pl330 dma-pl330.2: 	DBUFF-64x8bytes Num_Chans-8 Num_Peri-1 Num_Events-32
Jan  1 00:00:08 mingyuan kernel: Serial: 8250/16550 driver, 4 ports, IRQ sharing disabled
Jan  1 00:00:08 mingyuan kernel: exynos4210-uart.0: ttySAC0 at MMIO 0x12c00000 (irq = 83) is a S3C6400/10
Jan  1 00:00:08 mingyuan kernel: exynos4210-uart.1: ttySAC1 at MMIO 0x12c10000 (irq = 84) is a S3C6400/10
Jan  1 00:00:08 mingyuan kernel: exynos4210-uart.2: ttySAC2 at MMIO 0x12c20000 (irq = 85) is a S3C6400/10
Jan  1 00:00:08 mingyuan kernel: console [ttySAC2] enabled
Jan  1 00:00:08 mingyuan kernel: exynos4210-uart.3: ttySAC3 at MMIO 0x12c30000 (irq = 86) is a S3C6400/10
Jan  1 00:00:08 mingyuan kernel: brd: module loaded
Jan  1 00:00:08 mingyuan kernel: loop: module loaded
Jan  1 00:00:08 mingyuan kernel: ahci-sata exynos5-sata: failed to get sata phy
Jan  1 00:00:08 mingyuan kernel: platform exynos5-sata: Driver ahci-sata requests probe deferral
Jan  1 00:00:08 mingyuan kernel: Synopsys Designware Multimedia Card Interface Driver
Jan  1 00:00:08 mingyuan kernel: dwmmc_exynos dw_mmc.0: Using internal DMA controller.
Jan  1 00:00:08 mingyuan kernel: dwmmc_exynos dw_mmc.0: DW MMC controller at irq 107, 32 bit host data width, 128 deep fifo
Jan  1 00:00:08 mingyuan kernel: dwmmc_exynos dw_mmc.0: wp gpio not available
Jan  1 00:00:08 mingyuan kernel: mmc0: no vmmc regulator found
Jan  1 00:00:08 mingyuan kernel: mmc_host mmc0: Bus speed (slot 0) = 100000000Hz (slot req 400000Hz, actual 400000HZ div = 125)
Jan  1 00:00:08 mingyuan kernel: dwmmc_exynos dw_mmc.0: 1 slots initialized
Jan  1 00:00:08 mingyuan kernel: dwmmc_exynos dw_mmc.0: Version ID is 241a
Jan  1 00:00:08 mingyuan kernel: dwmmc_exynos dw_mmc.2: Using internal DMA controller.
Jan  1 00:00:08 mingyuan kernel: dwmmc_exynos dw_mmc.2: DW MMC controller at irq 109, 32 bit host data width, 128 deep fifo
Jan  1 00:00:08 mingyuan kernel: dwmmc_exynos dw_mmc.2: wp gpio not available
Jan  1 00:00:08 mingyuan kernel: mmc1: no vmmc regulator found
Jan  1 00:00:08 mingyuan kernel: mmc_host mmc1: Bus speed (slot 0) = 100000000Hz (slot req 400000Hz, actual 400000HZ div = 125)
Jan  1 00:00:08 mingyuan kernel: dwmmc_exynos dw_mmc.2: 1 slots initialized
Jan  1 00:00:08 mingyuan kernel: dwmmc_exynos dw_mmc.2: Version ID is 241a
Jan  1 00:00:08 mingyuan kernel: tun: Universal TUN/TAP device driver, 1.6
Jan  1 00:00:08 mingyuan kernel: tun: (C) 1999-2004 Max Krasnyansky <maxk@qualcomm.com>
Jan  1 00:00:08 mingyuan kernel: mmc0: BKOPS_EN bit is not set
Jan  1 00:00:08 mingyuan kernel: mmc_host mmc0: Bus speed (slot 0) = 100000000Hz (slot req 52000000Hz, actual 50000000HZ div = 1)
Jan  1 00:00:08 mingyuan kernel: mmc0: new high speed DDR MMC card at address 0001
Jan  1 00:00:08 mingyuan kernel: mmcblk0: mmc0:0001 M4G1FA 3.72 GiB 
Jan  1 00:00:08 mingyuan kernel: mmcblk0boot0: mmc0:0001 M4G1FA partition 1 1.00 MiB
Jan  1 00:00:08 mingyuan kernel: usbcore: registered new interface driver asix
Jan  1 00:00:08 mingyuan kernel: usbcore: registered new interface driver cdc_ether
Jan  1 00:00:08 mingyuan kernel: usbcore: registered new interface driver net1080
Jan  1 00:00:08 mingyuan kernel: usbcore: registered new interface driver cdc_subset
Jan  1 00:00:08 mingyuan kernel: usbcore: registered new interface driver zaurus
Jan  1 00:00:08 mingyuan kernel: usbcore: registered new interface driver cdc_ncm
Jan  1 00:00:08 mingyuan kernel: mmcblk0boot1: mmc0:0001 M4G1FA partition 2 1.00 MiB
Jan  1 00:00:08 mingyuan kernel: mmcblk0rpmb: mmc0:0001 M4G1FA partition 3 128 KiB
Jan  1 00:00:08 mingyuan kernel: mmcblk0: p1 p2 p3 p4
Jan  1 00:00:08 mingyuan kernel: mmcblk0boot1: unknown partition table
Jan  1 00:00:08 mingyuan kernel: mmcblk0boot0: unknown partition table
Jan  1 00:00:08 mingyuan kernel: mmc_host mmc1: Bus speed (slot 0) = 100000000Hz (slot req 50000000Hz, actual 50000000HZ div = 1)
Jan  1 00:00:08 mingyuan kernel: mmc1: new high speed SDHC card at address b368
Jan  1 00:00:08 mingyuan kernel: mmcblk1: mmc1:b368 USD   7.46 GiB 
Jan  1 00:00:08 mingyuan kernel: mmcblk1: p1 p2
Jan  1 00:00:08 mingyuan kernel: ehci_hcd: USB 2.0 'Enhanced' Host Controller (EHCI) Driver
Jan  1 00:00:08 mingyuan kernel: exynos5250-usbphy s3c-usbphy: Already power on PHY
Jan  1 00:00:08 mingyuan kernel: s5p-ehci s5p-ehci: S5P EHCI Host Controller
Jan  1 00:00:08 mingyuan kernel: s5p-ehci s5p-ehci: new USB bus registered, assigned bus number 1
Jan  1 00:00:08 mingyuan kernel: s5p-ehci s5p-ehci: irq 103, io mem 0x12110000
Jan  1 00:00:08 mingyuan kernel: s5p-ehci s5p-ehci: USB 2.0 started, EHCI 1.00
Jan  1 00:00:08 mingyuan kernel: usb usb1: Product: S5P EHCI Host Controller
Jan  1 00:00:08 mingyuan kernel: usb usb1: Manufacturer: Linux 3.8.0-rc4 ehci_hcd
Jan  1 00:00:08 mingyuan kernel: usb usb1: SerialNumber: s5p-ehci
Jan  1 00:00:08 mingyuan kernel: ohci_hcd: USB 1.1 'Open' Host Controller (OHCI) Driver
Jan  1 00:00:08 mingyuan kernel: exynos5250-usbphy s3c-usbphy: Already power on PHY
Jan  1 00:00:08 mingyuan kernel: exynos-ohci exynos-ohci: EXYNOS OHCI Host Controller
Jan  1 00:00:08 mingyuan kernel: exynos-ohci exynos-ohci: new USB bus registered, assigned bus number 2
Jan  1 00:00:08 mingyuan kernel: exynos-ohci exynos-ohci: irq 103, io mem 0x12120000
Jan  1 00:00:08 mingyuan kernel: usb usb2: Product: EXYNOS OHCI Host Controller
Jan  1 00:00:08 mingyuan kernel: usb usb2: Manufacturer: Linux 3.8.0-rc4 ohci_hcd
Jan  1 00:00:08 mingyuan kernel: usb usb2: SerialNumber: exynos-ohci
Jan  1 00:00:08 mingyuan kernel: xhci-hcd xhci-hcd: xHCI Host Controller
Jan  1 00:00:08 mingyuan kernel: xhci-hcd xhci-hcd: new USB bus registered, assigned bus number 3
Jan  1 00:00:08 mingyuan kernel: xhci-hcd xhci-hcd: irq 104, io mem 0x12000000
Jan  1 00:00:08 mingyuan kernel: usb usb3: Product: xHCI Host Controller
Jan  1 00:00:08 mingyuan kernel: usb usb3: Manufacturer: Linux 3.8.0-rc4 xhci-hcd
Jan  1 00:00:08 mingyuan kernel: usb usb3: SerialNumber: xhci-hcd
Jan  1 00:00:08 mingyuan kernel: xHCI xhci_add_endpoint called for root hub
Jan  1 00:00:08 mingyuan kernel: xHCI xhci_check_bandwidth called for root hub
Jan  1 00:00:08 mingyuan kernel: xhci-hcd xhci-hcd: xHCI Host Controller
Jan  1 00:00:08 mingyuan kernel: xhci-hcd xhci-hcd: new USB bus registered, assigned bus number 4
Jan  1 00:00:08 mingyuan kernel: usb usb4: Product: xHCI Host Controller
Jan  1 00:00:08 mingyuan kernel: usb usb4: Manufacturer: Linux 3.8.0-rc4 xhci-hcd
Jan  1 00:00:08 mingyuan kernel: usb usb4: SerialNumber: xhci-hcd
Jan  1 00:00:08 mingyuan kernel: xHCI xhci_add_endpoint called for root hub
Jan  1 00:00:08 mingyuan kernel: xHCI xhci_check_bandwidth called for root hub
Jan  1 00:00:08 mingyuan kernel: Initializing USB Mass Storage driver...
Jan  1 00:00:08 mingyuan kernel: usbcore: registered new interface driver usb-storage
Jan  1 00:00:08 mingyuan kernel: USB Mass Storage support registered.
Jan  1 00:00:08 mingyuan kernel: mousedev: PS/2 mouse device common for all mice
Jan  1 00:00:08 mingyuan kernel: Exynos: Kernel Thermal management registered
Jan  1 00:00:08 mingyuan kernel: cpuidle: using governor ladder
Jan  1 00:00:08 mingyuan kernel: cpuidle: using governor menu
Jan  1 00:00:08 mingyuan kernel: usbcore: registered new interface driver usbhid
Jan  1 00:00:08 mingyuan kernel: usbhid: USB HID core driver
Jan  1 00:00:08 mingyuan kernel: TCP: cubic registered
Jan  1 00:00:08 mingyuan kernel: NET: Registered protocol family 10
Jan  1 00:00:08 mingyuan kernel: NET: Registered protocol family 17
Jan  1 00:00:08 mingyuan kernel: VFP support v0.3: implementor 41 architecture 4 part 30 variant f rev 0
Jan  1 00:00:08 mingyuan kernel: Registering SWP/SWPB emulation handler
Jan  1 00:00:08 mingyuan kernel: ahci-sata exynos5-sata: forcing PORTS_IMPL to 0x1
Jan  1 00:00:08 mingyuan kernel: ahci-sata exynos5-sata: AHCI 0001.0300 32 slots 1 ports 6 Gbps 0x1 impl platform mode
Jan  1 00:00:08 mingyuan kernel: ahci-sata exynos5-sata: flags: ncq sntf pm led clo only pmp pio slum part ccc apst 
Jan  1 00:00:08 mingyuan kernel: scsi0 : ahci_platform
Jan  1 00:00:08 mingyuan kernel: ata1: SATA max UDMA/133 mmio [mem 0x122f0000-0x122f01fe] port 0x100 irq 147
Jan  1 00:00:08 mingyuan kernel: ata1: SATA link down (SStatus 0 SControl 300)
Jan  1 00:00:08 mingyuan kernel: EXT3-fs (mmcblk1p2): error: couldn't mount because of unsupported optional features (240)
Jan  1 00:00:08 mingyuan kernel: EXT2-fs (mmcblk1p2): error: couldn't mount because of unsupported optional features (240)
Jan  1 00:00:08 mingyuan kernel: EXT4-fs (mmcblk1p2): mounted filesystem with ordered data mode. Opts: (null)
Jan  1 00:00:08 mingyuan kernel: VFS: Mounted root (ext4 filesystem) on device 179:34.
Jan  1 00:00:08 mingyuan kernel: Freeing init memory: 192K
Jan  1 00:00:08 mingyuan kernel: usb 1-3.2: Product: USB2.0 Hub
Jan  1 00:00:08 mingyuan kernel: usb 1-3.2.2: Product: USB 2.0 Hub [MTT]
Jan  1 00:00:08 mingyuan kernel: usb 1-3.2.4: Product: AX88772 
Jan  1 00:00:08 mingyuan kernel: usb 1-3.2.4: Manufacturer: ASIX Elec. Corp.
Jan  1 00:00:08 mingyuan kernel: usb 1-3.2.4: SerialNumber: 000001
Jan  1 00:00:08 mingyuan kernel: asix 1-3.2.4:1.0 (unregistered net_device): invalid hw address, using random
Jan  1 00:00:08 mingyuan kernel: asix 1-3.2.4:1.0 eth0: register 'asix' at usb-s5p-ehci-3.2.4, ASIX AX88772 USB 2.0 Ethernet, 02:95:75:98:38:b9
Jan  1 00:00:08 mingyuan kernel: usb 1-3.2.2.3: Product: USB Keyboard
Jan  1 00:00:08 mingyuan kernel: usb 1-3.2.2.3: Manufacturer: Logitech
Jan  1 00:00:08 mingyuan kernel: input: Logitech USB Keyboard as /devices/s5p-ehci/usb1/1-3/1-3.2/1-3.2.2/1-3.2.2.3/1-3.2.2.3:1.0/input/input0
Jan  1 00:00:08 mingyuan kernel: hid-generic 0003:046D:C31C.0001: input: USB HID v1.10 Keyboard [Logitech USB Keyboard] on usb-s5p-ehci-3.2.2.3/input0
Jan  1 00:00:08 mingyuan kernel: input: Logitech USB Keyboard as /devices/s5p-ehci/usb1/1-3/1-3.2/1-3.2.2/1-3.2.2.3/1-3.2.2.3:1.1/input/input1
Jan  1 00:00:08 mingyuan kernel: hid-generic 0003:046D:C31C.0002: input: USB HID v1.10 Device [Logitech USB Keyboard] on usb-s5p-ehci-3.2.2.3/input1
Jan  1 00:00:08 mingyuan kernel: usb 1-3.2.2.4: Product: USB Optical Mouse
Jan  1 00:00:08 mingyuan kernel: input: USB Optical Mouse as /devices/s5p-ehci/usb1/1-3/1-3.2/1-3.2.2/1-3.2.2.4/1-3.2.2.4:1.0/input/input2
Jan  1 00:00:08 mingyuan kernel: hid-generic 0003:0461:4D81.0003: input: USB HID v1.11 Mouse [USB Optical Mouse] on usb-s5p-ehci-3.2.2.4/input0
Jan  1 00:00:12 mingyuan kernel: IPv6: ADDRCONF(NETDEV_UP): eth0: link is not ready
Jan  1 00:00:12 mingyuan kernel: IPv6: ADDRCONF(NETDEV_CHANGE): eth0: link becomes ready
Jan  1 00:00:12 mingyuan kernel: asix 1-3.2.4:1.0 eth0: link down
Jan  1 00:00:14 mingyuan kernel: asix 1-3.2.4:1.0 eth0: link up, 100Mbps, full-duplex, lpa 0xCDE1
Jan  1 00:00:14 mingyuan kernel: imklog 5.8.11, log source = /proc/kmsg started.
Jan  1 00:00:14 mingyuan kernel: Booting Linux on physical CPU 0x0
Jan  1 00:00:14 mingyuan kernel: Initializing cgroup subsys cpuset
Jan  1 00:00:14 mingyuan kernel: Initializing cgroup subsys cpu
Jan  1 00:00:14 mingyuan kernel: Linux version 3.8.0-rc4 (mingyuan@mingyuan) (gcc version 4.7.3 20130328 (prerelease) (crosstool-NG linaro-1.13.1-4.7-2013.04-20130415 - Linaro GCC 2013.04) ) #3 SMP PREEMPT Mon Jun 3 14:19:53 KST 2013
Jan  1 00:00:14 mingyuan kernel: Kernel was built at commit id ''
Jan  1 00:00:14 mingyuan kernel: CPU: ARMv7 Processor [410fc0f4] revision 4 (ARMv7), cr=30c7387d
Jan  1 00:00:14 mingyuan kernel: CPU: PIPT / VIPT nonaliasing data cache, PIPT instruction cache
Jan  1 00:00:14 mingyuan kernel: Machine: SAMSUNG EXYNOS5 (Flattened Device Tree), model: SAMSUNG ARNDALE board based on EXYNOS5250
Jan  1 00:00:14 mingyuan kernel: NR_BANKS too low, ignoring high memory
Jan  1 00:00:14 mingyuan kernel: Memory policy: ECC disabled, Data cache writealloc
Jan  1 00:00:14 mingyuan kernel: CPU EXYNOS5250 (id 0x43520020)
Jan  1 00:00:14 mingyuan kernel: exynos5_init_clocks: initializing clocks
Jan  1 00:00:14 mingyuan kernel: S3C24XX Clocks, Copyright 2004 Simtec Electronics
Jan  1 00:00:14 mingyuan kernel: exynos5_setup_clocks: registering clocks
Jan  1 00:00:14 mingyuan kernel: exynos5_setup_clocks: xtal is 24000000
Jan  1 00:00:14 mingyuan kernel: EXYNOS5: PLL settings, A=1000000000, B=800000000, C=333000000
Jan  1 00:00:14 mingyuan kernel: M=1600000000, E=96000000 V=300000000
Jan  1 00:00:14 mingyuan kernel: EXYNOS5: ARMCLK=1000000000, CDREX=800000000, ACLK400=800000000
Jan  1 00:00:14 mingyuan kernel: ACLK333=333000000, ACLK266=266666666, ACLK200=200000000
Jan  1 00:00:14 mingyuan kernel: ACLK166=166500000, ACLK66=66666666
Jan  1 00:00:14 mingyuan kernel: aclk_266_gscl: source is aclk_266 (1), rate is 266666666
Jan  1 00:00:14 mingyuan kernel: sclk_g3d: source is mout_mpll_user (0), rate is 800000000
Jan  1 00:00:14 mingyuan kernel: sclk_sata: source is mout_mpll_user (0), rate is 66666666
Jan  1 00:00:14 mingyuan kernel: sclk_gscl_wrap: source is ext_xtal (0), rate is 24000000
Jan  1 00:00:14 mingyuan kernel: sclk_gscl_wrap: source is ext_xtal (0), rate is 24000000
Jan  1 00:00:14 mingyuan kernel: sclk_cam0: source is ext_xtal (0), rate is 24000000
Jan  1 00:00:14 mingyuan kernel: sclk_cam1: source is ext_xtal (0), rate is 24000000
Jan  1 00:00:14 mingyuan kernel: sclk_usbdrd30: source is mout_mpll (0), rate is 66666666
Jan  1 00:00:14 mingyuan kernel: NUMA: Adding CPU 0 to node 0
Jan  1 00:00:14 mingyuan kernel: Zone ranges:
Jan  1 00:00:14 mingyuan kernel:  Normal   [mem 0x40000000-0x6f7fffff]
Jan  1 00:00:14 mingyuan kernel:  HighMem  [mem 0x6f800000-0xbfffffff]
Jan  1 00:00:14 mingyuan kernel: Movable zone start for each node
Jan  1 00:00:14 mingyuan kernel: Early memory node ranges
Jan  1 00:00:14 mingyuan kernel:  node   0: [mem 0x40000000-0x6f7fffff]
Jan  1 00:00:14 mingyuan kernel:  node   0: [mem 0x70000000-0xbfffffff]
Jan  1 00:00:14 mingyuan kernel: On node 0 totalpages: 522240
Jan  1 00:00:14 mingyuan kernel:  Normal zone: 1520 pages used for memmap
Jan  1 00:00:14 mingyuan kernel:  Normal zone: 0 pages reserved
Jan  1 00:00:14 mingyuan kernel:  Normal zone: 193040 pages, LIFO batch:31
Jan  1 00:00:14 mingyuan kernel:  HighMem zone: 2576 pages used for memmap
Jan  1 00:00:14 mingyuan kernel:  HighMem zone: 325104 pages, LIFO batch:31
Jan  1 00:00:14 mingyuan kernel: PERCPU: Embedded 8 pages/cpu @c15f3000 s8512 r8192 d16064 u32768
Jan  1 00:00:14 mingyuan kernel: pcpu-alloc: s8512 r8192 d16064 u32768 alloc=8*4096
Jan  1 00:00:14 mingyuan kernel: pcpu-alloc: [0] 0 [0] 1 
Jan  1 00:00:14 mingyuan kernel: Built 1 zonelists in Node order, mobility grouping on.  Total pages: 518144
Jan  1 00:00:14 mingyuan kernel: Policy zone: HighMem
Jan  1 00:00:14 mingyuan kernel: Kernel command line: console=ttySAC2,115200n8 root=/dev/mmcblk1p2 rw rootwait mac=02:35:4d:89:cd:33
Jan  1 00:00:14 mingyuan kernel: PID hash table entries: 4096 (order: 2, 16384 bytes)
Jan  1 00:00:14 mingyuan kernel: Dentry cache hash table entries: 131072 (order: 7, 524288 bytes)
Jan  1 00:00:14 mingyuan kernel: Inode-cache hash table entries: 65536 (order: 6, 262144 bytes)
Jan  1 00:00:14 mingyuan kernel: __ex_table already sorted, skipping sort
Jan  1 00:00:14 mingyuan kernel: Memory: 760MB 1280MB = 2040MB total
Jan  1 00:00:14 mingyuan kernel: Memory: 2065628k/2065628k available, 23332k reserved, 1310720K highmem
Jan  1 00:00:14 mingyuan kernel: Virtual kernel memory layout:
Jan  1 00:00:14 mingyuan kernel:    vector  : 0xffff0000 - 0xffff1000   (   4 kB)
Jan  1 00:00:14 mingyuan kernel:    fixmap  : 0xfff00000 - 0xfffe0000   ( 896 kB)
Jan  1 00:00:14 mingyuan kernel:    vmalloc : 0xf0000000 - 0xff000000   ( 240 MB)
Jan  1 00:00:14 mingyuan kernel:    lowmem  : 0xc0000000 - 0xef800000   ( 760 MB)
Jan  1 00:00:14 mingyuan kernel:    pkmap   : 0xbfe00000 - 0xc0000000   (   2 MB)
Jan  1 00:00:14 mingyuan kernel:    modules : 0xbf000000 - 0xbfe00000   (  14 MB)
Jan  1 00:00:14 mingyuan kernel:      .text : 0xc0008000 - 0xc0518db0   (5188 kB)
Jan  1 00:00:14 mingyuan kernel:      .init : 0xc0519000 - 0xc0549140   ( 193 kB)
Jan  1 00:00:14 mingyuan kernel:      .data : 0xc054a000 - 0xc0597d40   ( 312 kB)
Jan  1 00:00:14 mingyuan kernel:       .bss : 0xc0597d40 - 0xc05d7880   ( 255 kB)
